Archive member included because of file (symbol)

c:/program files (x86)/gnu tools arm embedded/4.9 2015q3/bin/../lib/gcc/arm-none-eabi/4.9.3/armv7e-m/fpu\libgcc.a(_arm_truncdfsf2.o)
                              ..\obj\trcUser.o (__aeabi_d2f)
c:/program files (x86)/gnu tools arm embedded/4.9 2015q3/bin/../lib/gcc/arm-none-eabi/4.9.3/../../../../arm-none-eabi/lib/armv7e-m/fpu\libg.a(lib_a-memcpy.o)
                              ..\obj\trcUser.o (memcpy)
c:/program files (x86)/gnu tools arm embedded/4.9 2015q3/bin/../lib/gcc/arm-none-eabi/4.9.3/../../../../arm-none-eabi/lib/armv7e-m/fpu\libg.a(lib_a-memset.o)
                              ..\obj\trcBase.o (memset)
c:/program files (x86)/gnu tools arm embedded/4.9 2015q3/bin/../lib/gcc/arm-none-eabi/4.9.3/../../../../arm-none-eabi/lib/armv7e-m/fpu\libg.a(lib_a-strncmp.o)
                              ..\obj\trcBase.o (strncmp)
c:/program files (x86)/gnu tools arm embedded/4.9 2015q3/bin/../lib/gcc/arm-none-eabi/4.9.3/../../../../arm-none-eabi/lib/armv7e-m/fpu\libg.a(lib_a-strncpy.o)
                              ..\obj\trcBase.o (strncpy)

Allocating common symbols
Common symbol       size              file

sEEDMA_InitStructure
                    0x3c              ..\obj\stm32f429i_discovery.o
xQueueRegistry      0x40              ..\obj\queue.o
RecorderData        0x46c0            ..\obj\trcBase.o
user_event_channel  0x2               ..\obj\main.o
TP_State            0x8               ..\obj\stm32f429i_discovery_ioe.o
NVIC_InitStructure  0x4               ..\obj\stm32f429i_discovery.o
init_hwtc_count     0x4               ..\obj\trcBase.o

Discarded input sections

 .text          0x00000000        0x0 ..\obj\stm32f4xx_syscfg.o
 .data          0x00000000        0x0 ..\obj\stm32f4xx_syscfg.o
 .bss           0x00000000        0x0 ..\obj\stm32f4xx_syscfg.o
 .text.SYSCFG_DeInit
                0x00000000       0x1c ..\obj\stm32f4xx_syscfg.o
 .text.SYSCFG_MemoryRemapConfig
                0x00000000       0x20 ..\obj\stm32f4xx_syscfg.o
 .text.SYSCFG_MemorySwappingBank
                0x00000000       0x20 ..\obj\stm32f4xx_syscfg.o
 .text.SYSCFG_ETH_MediaInterfaceConfig
                0x00000000       0x1c ..\obj\stm32f4xx_syscfg.o
 .text.SYSCFG_CompensationCellCmd
                0x00000000       0x20 ..\obj\stm32f4xx_syscfg.o
 .text.SYSCFG_GetCompensationCellStatus
                0x00000000       0x34 ..\obj\stm32f4xx_syscfg.o
 .text          0x00000000        0x0 ..\obj\trcKernel.o
 .text.vTraceSetReadyEventsEnabled
                0x00000000       0x1c ..\obj\trcKernel.o
 .text.vTraceStoreLowPower
                0x00000000       0xa8 ..\obj\trcKernel.o
 .text          0x00000000        0x0 ..\obj\stm32f429i_discovery_ioe.o
 .bss           0x00000000        0x8 ..\obj\stm32f429i_discovery_ioe.o
 .text.IOE_TPITConfig
                0x00000000       0x20 ..\obj\stm32f429i_discovery_ioe.o
 .text.IOE_TP_GetState
                0x00000000       0xcc ..\obj\stm32f429i_discovery_ioe.o
 .text.IOE_GetGITStatus
                0x00000000       0x34 ..\obj\stm32f429i_discovery_ioe.o
 .text.IOE_ClearGITPending
                0x00000000       0x20 ..\obj\stm32f429i_discovery_ioe.o
 .text.IOE_GITCmd
                0x00000000       0x44 ..\obj\stm32f429i_discovery_ioe.o
 .text.IOE_GITConfig
                0x00000000       0x50 ..\obj\stm32f429i_discovery_ioe.o
 .text.I2C_DMA_WriteDeviceRegister
                0x00000000      0x198 ..\obj\stm32f429i_discovery_ioe.o
 .text.I2C_DMA_ReadDeviceRegister
                0x00000000      0x1d4 ..\obj\stm32f429i_discovery_ioe.o
 .text.I2C_DMA_ReadDataBuffer
                0x00000000      0x200 ..\obj\stm32f429i_discovery_ioe.o
 .text.IOE_TP_Read_X
                0x00000000       0x68 ..\obj\stm32f429i_discovery_ioe.o
 .text.IOE_TP_Read_Y
                0x00000000       0x54 ..\obj\stm32f429i_discovery_ioe.o
 .text.IOE_TP_Read_Z
                0x00000000       0x28 ..\obj\stm32f429i_discovery_ioe.o
 .text.IOE_DMA_Config
                0x00000000       0xa4 ..\obj\stm32f429i_discovery_ioe.o
 .text.I2C_ReadPCFRegister
                0x00000000       0xf0 ..\obj\stm32f429i_discovery_ioe.o
 .text.I2C_ReadDataBuffer
                0x00000000      0x1d8 ..\obj\stm32f429i_discovery_ioe.o
 .text          0x00000000        0x0 ..\obj\stm32f4xx_sdio.o
 .data          0x00000000        0x0 ..\obj\stm32f4xx_sdio.o
 .bss           0x00000000        0x0 ..\obj\stm32f4xx_sdio.o
 .text.SDIO_DeInit
                0x00000000       0x1c ..\obj\stm32f4xx_sdio.o
 .text.SDIO_Init
                0x00000000       0x5c ..\obj\stm32f4xx_sdio.o
 .text.SDIO_StructInit
                0x00000000       0x38 ..\obj\stm32f4xx_sdio.o
 .text.SDIO_ClockCmd
                0x00000000       0x20 ..\obj\stm32f4xx_sdio.o
 .text.SDIO_SetPowerState
                0x00000000       0x1c ..\obj\stm32f4xx_sdio.o
 .text.SDIO_GetPowerState
                0x00000000       0x1c ..\obj\stm32f4xx_sdio.o
 .text.SDIO_SendCommand
[...]
Memory Configuration

Name             Origin             Length             Attributes
rom              0x08000000         0x00200000         xr
ram              0x20000000         0x00030000         xrw
ram1             0x10000000         0x00010000         xrw
*default*        0x00000000         0xffffffff

Linker script and memory map

                0x20030000                _eram = 0x20030000

.text           0x08000000     0x80a9
 *(.isr_vector)
 .isr_vector    0x08000000      0x1ac ..\obj\startup_stm32f429_439xx.o
                0x08000000                g_pfnVectors
 *(.text*)
 .text.SYSCFG_EXTILineConfig
                0x080001ac       0x84 ..\obj\stm32f4xx_syscfg.o
                0x080001ac                SYSCFG_EXTILineConfig
 .text.vTraceStoreTaskReady
                0x08000230       0xe8 ..\obj\trcKernel.o
                0x08000230                vTraceStoreTaskReady
 .text.vTraceStoreMemMangEvent
                0x08000318      0x128 ..\obj\trcKernel.o
                0x08000318                vTraceStoreMemMangEvent
 .text.vTraceStoreKernelCall
                0x08000440      0x144 ..\obj\trcKernel.o
                0x08000440                vTraceStoreKernelCall
 .text.vTraceStoreKernelCallWithParam
                0x08000584      0x15c ..\obj\trcKernel.o
                0x08000584                vTraceStoreKernelCallWithParam
 .text.prvTraceGetParam
                0x080006e0       0x7c ..\obj\trcKernel.o
 .text.vTraceStoreKernelCallWithNumericParamOnly
                0x0800075c      0x100 ..\obj\trcKernel.o
                0x0800075c                vTraceStoreKernelCallWithNumericParamOnly
 .text.vTraceStoreTaskswitch
                0x0800085c      0x12c ..\obj\trcKernel.o
                0x0800085c                vTraceStoreTaskswitch
 .text.vTraceStoreObjectNameOnCloseEvent
                0x08000988       0xa4 ..\obj\trcKernel.o
                0x08000988                vTraceStoreObjectNameOnCloseEvent
 .text.vTraceStoreObjectPropertiesOnCloseEvent
                0x08000a2c       0xd0 ..\obj\trcKernel.o
                0x08000a2c                vTraceStoreObjectPropertiesOnCloseEvent
 .text.vTraceSetPriorityProperty
                0x08000afc       0x78 ..\obj\trcKernel.o
                0x08000afc                vTraceSetPriorityProperty
 .text.uiTraceGetPriorityProperty
                0x08000b74       0x7c ..\obj\trcKernel.o
                0x08000b74                uiTraceGetPriorityProperty
 .text.vTraceSetObjectState
                0x08000bf0       0x78 ..\obj\trcKernel.o
                0x08000bf0                vTraceSetObjectState
 .text.uiTraceGetObjectState
                0x08000c68       0x78 ..\obj\trcKernel.o
                0x08000c68                uiTraceGetObjectState
 .text.vTraceSetTaskInstanceFinished
                0x08000ce0       0x54 ..\obj\trcKernel.o
                0x08000ce0                vTraceSetTaskInstanceFinished
 .text.IOE_Config
                0x08000d34       0x30 ..\obj\stm32f429i_discovery_ioe.o
                0x08000d34                IOE_Config
 .text.IOE_IsOperational
                0x08000d64       0x34 ..\obj\stm32f429i_discovery_ioe.o
                0x08000d64                IOE_IsOperational
 .text.IOE_Reset
                0x08000d98       0x20 ..\obj\stm32f429i_discovery_ioe.o
                0x08000d98                IOE_Reset
 .text.IOE_ReadID
                0x08000db8       0x34 ..\obj\stm32f429i_discovery_ioe.o
                0x08000db8                IOE_ReadID
 .text.IOE_FnctCmd
                0x08000dec       0x50 ..\obj\stm32f429i_discovery_ioe.o
                0x08000dec                IOE_FnctCmd
 .text.IOE_TP_Config
                0x08000e3c       0x94 ..\obj\stm32f429i_discovery_ioe.o
                0x08000e3c                IOE_TP_Config
 .text.IOE_IOAFConfig
                0x08000ed0       0x50 ..\obj\stm32f429i_discovery_ioe.o
                0x08000ed0                IOE_IOAFConfig
 .text.IOE_GPIO_Config
                0x08000f20       0x8c ..\obj\stm32f429i_discovery_ioe.o
 .text.IOE_I2C_Config
                0x08000fac       0x54 ..\obj\stm32f429i_discovery_ioe.o
 .text.I2C_WriteDeviceRegister
                0x08001000      0x160 ..\obj\stm32f429i_discovery_ioe.o
                0x08001000                I2C_WriteDeviceRegister
 .text.I2C_WritePCFRegister
                0x08001160      0x124 ..\obj\stm32f429i_discovery_ioe.o
                0x08001160                I2C_WritePCFRegister
 .text.I2C_ReadDeviceRegister
                0x08001284      0x1dc ..\obj\stm32f429i_discovery_ioe.o
                0x08001284                I2C_ReadDeviceRegister
 .text.IOE_TimeoutUserCallback
                0x08001460       0x6c ..\obj\stm32f429i_discovery_ioe.o
                0x08001460                IOE_TimeoutUserCallback
 .text.delay    0x080014cc       0x34 ..\obj\stm32f429i_discovery_ioe.o
 .text.main     0x08001500       0xd8 ..\obj\main.o
                0x08001500                main
 .text.vTask1   0x080015d8       0x50 ..\obj\main.o
                0x080015d8                vTask1
 .text.vTask2   0x08001628       0x44 ..\obj\main.o
                0x08001628                vTask2
 .text.prvTraceInitTraceData
                0x0800166c      0x21c ..\obj\trcBase.o
                0x0800166c                prvTraceInitTraceData
 .text.vInitStartMarkers
                0x08001888       0x50 ..\obj\trcBase.o
 .text.xTraceNextFreeEventBufferSlot
                0x080018d8       0x48 ..\obj\trcBase.o
                0x080018d8                xTraceNextFreeEventBufferSlot
 .text.uiIndexOfObject
                0x08001920       0xb0 ..\obj\trcBase.o
                0x08001920                uiIndexOfObject
 .text.xTraceGetObjectHandle
                0x080019d0      0x270 ..\obj\trcBase.o
                0x080019d0                xTraceGetObjectHandle
 .text.vTraceFreeObjectHandle
                0x08001c40       0xa4 ..\obj\trcBase.o
                0x08001c40                vTraceFreeObjectHandle
 .text.vTraceSetObjectName
                0x08001ce4       0xbc ..\obj\trcBase.o
                0x08001ce4                vTraceSetObjectName
 .text.prvTraceOpenSymbol
                0x08001da0       0xa0 ..\obj\trcBase.o
                0x08001da0                prvTraceOpenSymbol
 .text.vTraceError
                0x08001e40       0x74 ..\obj\trcBase.o
                0x08001e40                vTraceError
 .text.prvTraceUpdateCounters
                0x08001eb4       0x3c ..\obj\trcBase.o
                0x08001eb4                prvTraceUpdateCounters
 .text.prvTraceGetDTS
                0x08001ef0      0x168 ..\obj\trcBase.o
                0x08001ef0                prvTraceGetDTS
 .text.prvTraceLookupSymbolTableEntry
                0x08002058       0xf8 ..\obj\trcBase.o
                0x08002058                prvTraceLookupSymbolTableEntry
 .text.prvTraceCreateSymbolTableEntry
                0x08002150      0x17c ..\obj\trcBase.o
                0x08002150                prvTraceCreateSymbolTableEntry
 .text.prvTraceGetChecksum
                0x080022cc       0x8c ..\obj\trcBase.o
                0x080022cc                prvTraceGetChecksum
 .text.RCC_GetClocksFreq
                0x08002358      0x154 ..\obj\stm32f4xx_rcc.o
                0x08002358                RCC_GetClocksFreq
 .text.RCC_AHB1PeriphClockCmd
                0x080024ac       0x3c ..\obj\stm32f4xx_rcc.o
                0x080024ac                RCC_AHB1PeriphClockCmd
 .text.RCC_APB1PeriphClockCmd
                0x080024e8       0x3c ..\obj\stm32f4xx_rcc.o
                0x080024e8                RCC_APB1PeriphClockCmd
 .text.RCC_APB2PeriphClockCmd
                0x08002524       0x3c ..\obj\stm32f4xx_rcc.o
                0x08002524                RCC_APB2PeriphClockCmd
 .text.RCC_APB1PeriphResetCmd
                0x08002560       0x3c ..\obj\stm32f4xx_rcc.o
                0x08002560                RCC_APB1PeriphResetCmd
 .text.xTimerCreateTimerTask
                0x0800259c       0x6c ..\obj\timers.o
                0x0800259c                xTimerCreateTimerTask
 .text.xTimerGenericCommand
                0x08002608      0x124 ..\obj\timers.o
                0x08002608                xTimerGenericCommand
 .text.prvProcessExpiredTimer
                0x0800272c       0x80 ..\obj\timers.o
 .text.prvTimerTask
                0x080027ac       0x24 ..\obj\timers.o
 .text.prvProcessTimerOrBlockTask
                0x080027d0       0x80 ..\obj\timers.o
 .text.prvGetNextExpireTime
                0x08002850       0x48 ..\obj\timers.o
 .text.prvSampleTimeNow
                0x08002898       0x40 ..\obj\timers.o
 .text.prvInsertTimerInActiveList
                0x080028d8       0x84 ..\obj\timers.o
 .text.prvProcessReceivedCommands
                0x0800295c      0x12c ..\obj\timers.o
 .text.prvSwitchTimerLists
                0x08002a88       0xc0 ..\obj\timers.o
 .text.prvCheckForValidListAndQueue
                0x08002b48       0x8c ..\obj\timers.o
 .text.xTaskGenericCreate
                0x08002bd4      0x214 ..\obj\tasks.o
                0x08002bd4                xTaskGenericCreate
 .text.vTaskDelay
                0x08002de8       0xd0 ..\obj\tasks.o
                0x08002de8                vTaskDelay
 .text.vTaskStartScheduler
                0x08002eb8       0x98 ..\obj\tasks.o
                0x08002eb8                vTaskStartScheduler
 .text.vTaskSuspendAll
                0x08002f50       0x1c ..\obj\tasks.o
                0x08002f50                vTaskSuspendAll
 .text.xTaskResumeAll
                0x08002f6c      0x138 ..\obj\tasks.o
                0x08002f6c                xTaskResumeAll
 .text.xTaskGetTickCount
                0x080030a4       0x20 ..\obj\tasks.o
                0x080030a4                xTaskGetTickCount
 .text.xTaskIncrementTick
                0x080030c4      0x1b4 ..\obj\tasks.o
                0x080030c4                xTaskIncrementTick
 .text.vTaskSwitchContext
                0x08003278       0xc4 ..\obj\tasks.o
                0x08003278                vTaskSwitchContext
 .text.vTaskPlaceOnEventList
                0x0800333c       0x9c ..\obj\tasks.o
                0x0800333c                vTaskPlaceOnEventList
 .text.vTaskPlaceOnEventListRestricted
                0x080033d8      0x104 ..\obj\tasks.o
                0x080033d8                vTaskPlaceOnEventListRestricted
 .text.xTaskRemoveFromEventList
                0x080034dc       0xd4 ..\obj\tasks.o
                0x080034dc                xTaskRemoveFromEventList
 .text.vTaskSetTimeOutState
                0x080035b0       0x44 ..\obj\tasks.o
                0x080035b0                vTaskSetTimeOutState
 .text.xTaskCheckForTimeOut
                0x080035f4       0xbc ..\obj\tasks.o
                0x080035f4                xTaskCheckForTimeOut
 .text.vTaskMissedYield
                0x080036b0       0x18 ..\obj\tasks.o
                0x080036b0                vTaskMissedYield
 .text.uxTaskGetTaskNumber
                0x080036c8       0x2c ..\obj\tasks.o
                0x080036c8                uxTaskGetTaskNumber
 .text.prvIdleTask
                0x080036f4       0x30 ..\obj\tasks.o
 .text.prvInitialiseTCBVariables
                0x08003724       0xa4 ..\obj\tasks.o
 .text.prvInitialiseTaskLists
                0x080037c8       0x7c ..\obj\tasks.o
 .text.prvCheckTasksWaitingTermination
                0x08003844       0x74 ..\obj\tasks.o
 .text.prvAddCurrentTaskToDelayedList
                0x080038b8       0x6c ..\obj\tasks.o
 .text.prvAllocateTCBAndStack
                0x08003924       0x70 ..\obj\tasks.o
 .text.prvDeleteTCB
                0x08003994       0x20 ..\obj\tasks.o
 .text.prvResetNextTaskUnblockTime
                0x080039b4       0x48 ..\obj\tasks.o
 .text.xTaskGetCurrentTaskHandle
                0x080039fc       0x20 ..\obj\tasks.o
                0x080039fc                xTaskGetCurrentTaskHandle
 .text.xTaskGetSchedulerState
                0x08003a1c       0x3c ..\obj\tasks.o
                0x08003a1c                xTaskGetSchedulerState
 .text.vTaskPriorityInherit
                0x08003a58      0x144 ..\obj\tasks.o
                0x08003a58                vTaskPriorityInherit
 .text.xTaskPriorityDisinherit
                0x08003b9c      0x15c ..\obj\tasks.o
                0x08003b9c                xTaskPriorityDisinherit
 .text.pvTaskIncrementMutexHeldCount
                0x08003cf8       0x28 ..\obj\tasks.o
                0x08003cf8                pvTaskIncrementMutexHeldCount
 .text.GPIO_Init
                0x08003d20      0x11c ..\obj\stm32f4xx_gpio.o
                0x08003d20                GPIO_Init
 .text.GPIO_PinAFConfig
                0x08003e3c       0x90 ..\obj\stm32f4xx_gpio.o
                0x08003e3c                GPIO_PinAFConfig
 .text.vListInitialise
                0x08003ecc       0x40 ..\obj\list.o
                0x08003ecc                vListInitialise
 .text.vListInitialiseItem
                0x08003f0c       0x18 ..\obj\list.o
                0x08003f0c                vListInitialiseItem
 .text.vListInsertEnd
                0x08003f24       0x48 ..\obj\list.o
                0x08003f24                vListInsertEnd
 .text.vListInsert
                0x08003f6c       0x70 ..\obj\list.o
                0x08003f6c                vListInsert
 .text.uxListRemove
                0x08003fdc       0x54 ..\obj\list.o
                0x08003fdc                uxListRemove
 .text.SystemInit
                0x08004030       0x68 ..\obj\system_stm32f4xx.o
                0x08004030                SystemInit
 .text.SetSysClock
                0x08004098      0x128 ..\obj\system_stm32f4xx.o
 .text.vTraceInitTraceData
                0x080041c0        0xc ..\obj\trcUser.o
                0x080041c0                vTraceInitTraceData
 .text.uiTraceStart
                0x080041cc       0xc0 ..\obj\trcUser.o
                0x080041cc                uiTraceStart
 .text.vTraceStop
                0x0800428c       0x24 ..\obj\trcUser.o
                0x0800428c                vTraceStop
 .text.writeInt8
                0x080042b0       0x54 ..\obj\trcUser.o
 .text.writeInt16
                0x08004304       0x78 ..\obj\trcUser.o
 .text.writeInt32
                0x0800437c       0x74 ..\obj\trcUser.o
 .text.writeFloat
                0x080043f0       0x78 ..\obj\trcUser.o
 .text.writeDouble
                0x08004468       0x8c ..\obj\trcUser.o
 .text.prvTraceUserEventFormat
                0x080044f4      0x2d8 ..\obj\trcUser.o
 .text.vTracePrintF
                0x080047cc       0x2c ..\obj\trcUser.o
                0x080047cc                vTracePrintF
 .text.vTracePrintF_Helper
                0x080047f8      0x16c ..\obj\trcUser.o
                0x080047f8                vTracePrintF_Helper
 .text.xTraceOpenLabel
                0x08004964       0x30 ..\obj\trcUser.o
                0x08004964                xTraceOpenLabel
 .text.pxPortInitialiseStack
                0x08004994       0x64 ..\obj\port.o
                0x08004994                pxPortInitialiseStack
 .text.prvTaskExitError
                0x080049f8       0x3c ..\obj\port.o
 .text.SVC_Handler
                0x08004a34       0x20 ..\obj\port.o
                0x08004a34                SVC_Handler
 .text.prvPortStartFirstTask
                0x08004a54       0x20 ..\obj\port.o
 .text.xPortStartScheduler
                0x08004a74      0x118 ..\obj\port.o
                0x08004a74                xPortStartScheduler
 .text.vPortEnterCritical
                0x08004b8c       0x5c ..\obj\port.o
                0x08004b8c                vPortEnterCritical
 .text.vPortExitCritical
                0x08004be8       0x4c ..\obj\port.o
                0x08004be8                vPortExitCritical
 .text.PendSV_Handler
                0x08004c34       0x60 ..\obj\port.o
                0x08004c34                PendSV_Handler
 .text.SysTick_Handler
                0x08004c94       0x44 ..\obj\port.o
                0x08004c94                SysTick_Handler
 .text.vPortSetupTimerInterrupt
                0x08004cd8       0x34 ..\obj\port.o
                0x08004cd8                vPortSetupTimerInterrupt
 .text.vPortEnableVFP
                0x08004d0c       0x14 ..\obj\port.o
 .text.vPortValidateInterruptPriority
                0x08004d20       0x78 ..\obj\port.o
                0x08004d20                vPortValidateInterruptPriority
 .text.xQueueGenericReset
                0x08004d98       0xd0 ..\obj\queue.o
                0x08004d98                xQueueGenericReset
 .text.xQueueGenericCreate
                0x08004e68      0x128 ..\obj\queue.o
                0x08004e68                xQueueGenericCreate
 .text.xQueueGenericSend
                0x08004f90      0x304 ..\obj\queue.o
                0x08004f90                xQueueGenericSend
 .text.xQueueGenericSendFromISR
                0x08005294      0x1b0 ..\obj\queue.o
                0x08005294                xQueueGenericSendFromISR
 .text.xQueueGenericReceive
                0x08005444      0x38c ..\obj\queue.o
                0x08005444                xQueueGenericReceive
 .text.uxQueueGetQueueNumber
                0x080057d0       0x18 ..\obj\queue.o
                0x080057d0                uxQueueGetQueueNumber
 .text.ucQueueGetQueueType
                0x080057e8       0x1c ..\obj\queue.o
                0x080057e8                ucQueueGetQueueType
 .text.prvCopyDataToQueue
                0x08005804       0xdc ..\obj\queue.o
 .text.prvCopyDataFromQueue
                0x080058e0       0x4c ..\obj\queue.o
 .text.prvUnlockQueue
                0x0800592c       0x98 ..\obj\queue.o
 .text.prvIsQueueEmpty
                0x080059c4       0x2c ..\obj\queue.o
 .text.prvIsQueueFull
                0x080059f0       0x30 ..\obj\queue.o
 .text.vQueueAddToRegistry
                0x08005a20       0x70 ..\obj\queue.o
                0x08005a20                vQueueAddToRegistry
 .text.vQueueWaitForMessageRestricted
                0x08005a90       0x5c ..\obj\queue.o
                0x08005a90                vQueueWaitForMessageRestricted
 .text.prvTraceGetObjectNumber
                0x08005aec       0x1c ..\obj\trcKernelPort.o
                0x08005aec                prvTraceGetObjectNumber
 .text.prvTraceGetObjectType
                0x08005b08       0x18 ..\obj\trcKernelPort.o
                0x08005b08                prvTraceGetObjectType
 .text.prvTraceGetTaskNumber
                0x08005b20       0x1c ..\obj\trcKernelPort.o
                0x08005b20                prvTraceGetTaskNumber
 .text.prvTraceGetCurrentTaskHandle
                0x08005b3c       0x10 ..\obj\trcKernelPort.o
                0x08005b3c                prvTraceGetCurrentTaskHandle
 .text.vTraceInitObjectPropertyTable
                0x08005b4c      0x144 ..\obj\trcKernelPort.o
                0x08005b4c                vTraceInitObjectPropertyTable
 .text.vTraceInitObjectHandleStack
                0x08005c90       0x9c ..\obj\trcKernelPort.o
                0x08005c90                vTraceInitObjectHandleStack
 .text.pszTraceGetErrorNotEnoughHandles
                0x08005d2c       0x80 ..\obj\trcKernelPort.o
                0x08005d2c                pszTraceGetErrorNotEnoughHandles
 .text.uiTraceIsObjectExcluded
                0x08005dac      0x170 ..\obj\trcKernelPort.o
                0x08005dac                uiTraceIsObjectExcluded
 .text.Reset_Handler
                0x08005f1c       0x44 ..\obj\startup_stm32f429_439xx.o
                0x08005f1c                Reset_Handler
 .text.Default_Handler
                0x08005f60        0x2 ..\obj\startup_stm32f429_439xx.o
                0x08005f60                RTC_Alarm_IRQHandler
                0x08005f60                HASH_RNG_IRQHandler
                0x08005f60                EXTI2_IRQHandler
                0x08005f60                TIM8_CC_IRQHandler
                0x08005f60                DebugMon_Handler
                0x08005f60                UART8_IRQHandler
                0x08005f60                SPI4_IRQHandler
                0x08005f60                TIM1_CC_IRQHandler
                0x08005f60                DMA2_Stream5_IRQHandler
                0x08005f60                HardFault_Handler
                0x08005f60                DMA1_Stream5_IRQHandler
                0x08005f60                PVD_IRQHandler
                0x08005f60                SDIO_IRQHandler
                0x08005f60                TAMP_STAMP_IRQHandler
                0x08005f60                NMI_Handler
                0x08005f60                CAN2_RX1_IRQHandler
                0x08005f60                EXTI3_IRQHandler
                0x08005f60                TIM8_TRG_COM_TIM14_IRQHandler
                0x08005f60                TIM1_UP_TIM10_IRQHandler
                0x08005f60                TIM8_UP_TIM13_IRQHandler
                0x08005f60                I2C3_ER_IRQHandler
                0x08005f60                EXTI0_IRQHandler
                0x08005f60                I2C2_EV_IRQHandler
                0x08005f60                DMA1_Stream2_IRQHandler
                0x08005f60                CAN1_RX0_IRQHandler
                0x08005f60                FPU_IRQHandler
                0x08005f60                OTG_HS_WKUP_IRQHandler
                0x08005f60                UsageFault_Handler
                0x08005f60                LTDC_ER_IRQHandler
                0x08005f60                CAN2_SCE_IRQHandler
                0x08005f60                DMA2_Stream2_IRQHandler
                0x08005f60                SPI1_IRQHandler
                0x08005f60                TIM6_DAC_IRQHandler
                0x08005f60                TIM1_BRK_TIM9_IRQHandler
                0x08005f60                DCMI_IRQHandler
                0x08005f60                CAN2_RX0_IRQHandler
                0x08005f60                DMA2_Stream3_IRQHandler
                0x08005f60                USART6_IRQHandler
                0x08005f60                USART3_IRQHandler
                0x08005f60                CRYP_IRQHandler
                0x08005f60                CAN1_RX1_IRQHandler
                0x08005f60                UART5_IRQHandler
                0x08005f60                DMA2_Stream0_IRQHandler
                0x08005f60                TIM4_IRQHandler
                0x08005f60                I2C1_EV_IRQHandler
                0x08005f60                DMA1_Stream6_IRQHandler
                0x08005f60                DMA1_Stream1_IRQHandler
                0x08005f60                UART4_IRQHandler
                0x08005f60                TIM3_IRQHandler
                0x08005f60                RCC_IRQHandler
                0x08005f60                TIM8_BRK_TIM12_IRQHandler
                0x08005f60                Default_Handler
                0x08005f60                EXTI15_10_IRQHandler
                0x08005f60                ADC_IRQHandler
                0x08005f60                DMA1_Stream7_IRQHandler
                0x08005f60                SPI5_IRQHandler
                0x08005f60                TIM7_IRQHandler
                0x08005f60                CAN2_TX_IRQHandler
                0x08005f60                TIM5_IRQHandler
                0x08005f60                DMA2_Stream7_IRQHandler
                0x08005f60                I2C3_EV_IRQHandler
                0x08005f60                EXTI9_5_IRQHandler
                0x08005f60                RTC_WKUP_IRQHandler
                0x08005f60                LTDC_IRQHandler
                0x08005f60                ETH_WKUP_IRQHandler
                0x08005f60                SPI2_IRQHandler
                0x08005f60                OTG_HS_EP1_IN_IRQHandler
                0x08005f60                MemManage_Handler
                0x08005f60                DMA1_Stream0_IRQHandler
                0x08005f60                CAN1_TX_IRQHandler
                0x08005f60                EXTI4_IRQHandler
                0x08005f60                FSMC_IRQHandler
                0x08005f60                ETH_IRQHandler
                0x08005f60                OTG_HS_EP1_OUT_IRQHandler
                0x08005f60                WWDG_IRQHandler
                0x08005f60                SPI6_IRQHandler
                0x08005f60                TIM2_IRQHandler
                0x08005f60                OTG_FS_WKUP_IRQHandler
                0x08005f60                TIM1_TRG_COM_TIM11_IRQHandler
                0x08005f60                OTG_HS_IRQHandler
                0x08005f60                DMA2D_IRQHandler
                0x08005f60                EXTI1_IRQHandler
                0x08005f60                UART7_IRQHandler
                0x08005f60                USART2_IRQHandler
                0x08005f60                I2C2_ER_IRQHandler
                0x08005f60                DMA2_Stream1_IRQHandler
                0x08005f60                CAN1_SCE_IRQHandler
                0x08005f60                FLASH_IRQHandler
                0x08005f60                DMA2_Stream4_IRQHandler
                0x08005f60                BusFault_Handler
                0x08005f60                USART1_IRQHandler
                0x08005f60                OTG_FS_IRQHandler
                0x08005f60                SPI3_IRQHandler
                0x08005f60                DMA1_Stream4_IRQHandler
                0x08005f60                I2C1_ER_IRQHandler
                0x08005f60                DMA2_Stream6_IRQHandler
                0x08005f60                SAI1_IRQHandler
                0x08005f60                DMA1_Stream3_IRQHandler
 *fill*         0x08005f62        0x2 
 .text.I2C_DeInit
                0x08005f64       0x74 ..\obj\stm32f4xx_i2c.o
                0x08005f64                I2C_DeInit
 .text.I2C_Init
                0x08005fd8      0x184 ..\obj\stm32f4xx_i2c.o
                0x08005fd8                I2C_Init
 .text.I2C_Cmd  0x0800615c       0x40 ..\obj\stm32f4xx_i2c.o
                0x0800615c                I2C_Cmd
 .text.I2C_GenerateSTART
                0x0800619c       0x40 ..\obj\stm32f4xx_i2c.o
                0x0800619c                I2C_GenerateSTART
 .text.I2C_GenerateSTOP
                0x080061dc       0x40 ..\obj\stm32f4xx_i2c.o
                0x080061dc                I2C_GenerateSTOP
 .text.I2C_Send7bitAddress
                0x0800621c       0x3c ..\obj\stm32f4xx_i2c.o
                0x0800621c                I2C_Send7bitAddress
 .text.I2C_AcknowledgeConfig
                0x08006258       0x40 ..\obj\stm32f4xx_i2c.o
                0x08006258                I2C_AcknowledgeConfig
 .text.I2C_SoftwareResetCmd
                0x08006298       0x44 ..\obj\stm32f4xx_i2c.o
                0x08006298                I2C_SoftwareResetCmd
 .text.I2C_SendData
                0x080062dc       0x20 ..\obj\stm32f4xx_i2c.o
                0x080062dc                I2C_SendData
 .text.I2C_ReceiveData
                0x080062fc       0x1c ..\obj\stm32f4xx_i2c.o
                0x080062fc                I2C_ReceiveData
 .text.I2C_GetFlagStatus
                0x08006318       0x68 ..\obj\stm32f4xx_i2c.o
                0x08006318                I2C_GetFlagStatus
 .text.EXTI_Init
                0x08006380       0xe4 ..\obj\stm32f4xx_exti.o
                0x08006380                EXTI_Init
 .text.prvTraceInitCortexM
                0x08006464       0x7c ..\obj\trcHardwarePort.o
                0x08006464                prvTraceInitCortexM
 .text.vTracePortGetTimeStamp
                0x080064e0       0xc4 ..\obj\trcHardwarePort.o
                0x080064e0                vTracePortGetTimeStamp
 .text.NVIC_Init
                0x080065a4       0xc0 ..\obj\misc.o
                0x080065a4                NVIC_Init
 .text.pvPortMalloc
                0x08006664       0xa0 ..\obj\heap_1.o
                0x08006664                pvPortMalloc
 .text.vPortFree
                0x08006704       0x2c ..\obj\heap_1.o
                0x08006704                vPortFree
 .text.STM_EVAL_LEDInit
                0x08006730       0x5c ..\obj\stm32f429i_discovery.o
                0x08006730                STM_EVAL_LEDInit
 .text.STM_EVAL_LEDOn
                0x0800678c       0x30 ..\obj\stm32f429i_discovery.o
                0x0800678c                STM_EVAL_LEDOn
 .text.STM_EVAL_LEDOff
                0x080067bc       0x30 ..\obj\stm32f429i_discovery.o
                0x080067bc                STM_EVAL_LEDOff
 .text.STM_EVAL_PBInit
                0x080067ec       0x94 ..\obj\stm32f429i_discovery.o
                0x080067ec                STM_EVAL_PBInit
 .text          0x08006880       0xa0 c:/program files (x86)/gnu tools arm embedded/4.9 2015q3/bin/../lib/gcc/arm-none-eabi/4.9.3/armv7e-m/fpu\libgcc.a(_arm_truncdfsf2.o)
                0x08006880                __truncdfsf2
                0x08006880                __aeabi_d2f
 .text          0x08006920      0x134 c:/program files (x86)/gnu tools arm embedded/4.9 2015q3/bin/../lib/gcc/arm-none-eabi/4.9.3/../../../../arm-none-eabi/lib/armv7e-m/fpu\libg.a(lib_a-memcpy.o)
                0x08006920                memcpy
 .text.memset   0x08006a54       0x9c c:/program files (x86)/gnu tools arm embedded/4.9 2015q3/bin/../lib/gcc/arm-none-eabi/4.9.3/../../../../arm-none-eabi/lib/armv7e-m/fpu\libg.a(lib_a-memset.o)
                0x08006a54                memset
 .text.strncmp  0x08006af0       0x98 c:/program files (x86)/gnu tools arm embedded/4.9 2015q3/bin/../lib/gcc/arm-none-eabi/4.9.3/../../../../arm-none-eabi/lib/armv7e-m/fpu\libg.a(lib_a-strncmp.o)
                0x08006af0                strncmp
 .text.strncpy  0x08006b88       0x68 c:/program files (x86)/gnu tools arm embedded/4.9 2015q3/bin/../lib/gcc/arm-none-eabi/4.9.3/../../../../arm-none-eabi/lib/armv7e-m/fpu\libg.a(lib_a-strncpy.o)
                0x08006b88                strncpy
 *(.init)
 *(.fini)
 *crtbegin.o(.ctors)
 *crtbegin?.o(.ctors)
 *(EXCLUDE_FILE(*crtend.o *crtend?.o) .ctors)
 *(SORT(.ctors.*))
 *(.ctors)
 *crtbegin.o(.dtors)
 *crtbegin?.o(.dtors)
 *(EXCLUDE_FILE(*crtend.o *crtend?.o) .dtors)
 *(SORT(.dtors.*))
 *(.dtors)
 *(.rodata*)
 .rodata        0x08006bf0      0x7a6 ..\obj\trcKernel.o
 *fill*         0x08007396        0x2 
 .rodata        0x08007398       0x2b ..\obj\main.o
 *fill*         0x080073c3        0x1 
 .rodata        0x080073c4      0x617 ..\obj\trcBase.o
 *fill*         0x080079db        0x1 
 .rodata        0x080079dc        0xd ..\obj\timers.o
 *fill*         0x080079e9        0x3 
 .rodata        0x080079ec        0x5 ..\obj\tasks.o
 *fill*         0x080079f1        0x3 
 .rodata        0x080079f4      0x3b1 ..\obj\trcUser.o
 *fill*         0x08007da5        0x3 
 .rodata        0x08007da8      0x298 ..\obj\trcKernelPort.o
 .rodata        0x08008040       0x47 ..\obj\trcHardwarePort.o
 *fill*         0x08008087        0x1 
 .rodata        0x08008088       0x21 ..\obj\stm32f429i_discovery.o
                0x08008088                GPIO_PIN
                0x0800808c                GPIO_CLK
                0x08008094                BUTTON_PIN
                0x08008098                BUTTON_CLK
                0x0800809c                BUTTON_EXTI_LINE
                0x080080a0                BUTTON_PORT_SOURCE
                0x080080a4                BUTTON_PIN_SOURCE
                0x080080a8                BUTTON_IRQn
 *(.eh_fram e*)

.glue_7         0x080080ac        0x0
 .glue_7        0x00000000        0x0 linker stubs

.glue_7t        0x080080ac        0x0
 .glue_7t       0x00000000        0x0 linker stubs

.vfp11_veneer   0x080080ac        0x0
 .vfp11_veneer  0x00000000        0x0 linker stubs

.v4_bx          0x080080ac        0x0
 .v4_bx         0x00000000        0x0 linker stubs

.iplt           0x080080ac        0x0
 .iplt          0x00000000        0x0 ..\obj\stm32f4xx_syscfg.o

.rel.dyn        0x080080ac        0x0
 .rel.iplt      0x00000000        0x0 ..\obj\stm32f4xx_syscfg.o

.ARM.extab
 *(.ARM.extab* .gnu.linkonce.armextab.*)
                0x080080ac                __exidx_start = .

.ARM.exidx
 *(.ARM.exidx* .gnu.linkonce.armexidx.*)
                0x080080ac                __exidx_end = .
                0x080080ac                __etext = .
                0x080080a9                _sidata = __etext

.data           0x20000000       0x44 load address 0x080080a9
                0x20000000                __data_start__ = .
                0x20000000                _sdata = __data_start__
 *(vtable)
 *(.data*)
 .data          0x20000000        0x4 ..\obj\trcKernel.o
 .data          0x20000004        0x4 ..\obj\stm32f429i_discovery_ioe.o
                0x20000004                IOE_TimeOut
 .data          0x20000008       0x10 ..\obj\stm32f4xx_rcc.o
 .data          0x20000018       0x14 ..\obj\system_stm32f4xx.o
                0x20000018                SystemCoreClock
                0x2000001c                AHBPrescTable
 .data          0x2000002c        0x4 ..\obj\port.o
 .data          0x20000030        0x5 ..\obj\trcKernelPort.o
                0x20000030                TraceObjectClassTable
 *fill*         0x20000035        0x3 
 .data          0x20000038        0xc ..\obj\stm32f429i_discovery.o
                0x20000038                GPIO_PORT
                0x20000040                BUTTON_PORT
                0x20000044                . = ALIGN (0x4)
                0x20000044                PROVIDE (__preinit_array_start, .)
 *(.preinit_array)
                0x20000044                PROVIDE (__preinit_array_end, .)
                0x20000044                . = ALIGN (0x4)
                0x20000044                PROVIDE (__init_array_start, .)
 *(SORT(.init_array.*))
 *(.init_array)
                0x20000044                PROVIDE (__init_array_end, .)
                0x20000044                . = ALIGN (0x4)
                0x20000044                PROVIDE (__fini_array_start, .)
 *(SORT(.fini_array.*))
 *(.fini_array)
                0x20000044                PROVIDE (__fini_array_end, .)
 *(.jcr*)
                0x20000044                . = ALIGN (0x4)
                0x20000044                __data_end__ = .
                0x20000044                _edata = __data_end__

.igot.plt       0x20000044        0x0 load address 0x080080f0
 .igot.plt      0x00000000        0x0 ..\obj\stm32f4xx_syscfg.o

.bss            0x20000044    0x17558 load address 0x080080f0
                0x20000044                . = ALIGN (0x4)
                0x20000044                __bss_start__ = .
                0x20000044                _sbss = __bss_start__
 *(.bss*)
 .bss           0x20000044        0x8 ..\obj\trcKernel.o
                0x20000044                nISRactive
                0x20000045                handle_of_last_logged_task
                0x20000046                inExcludedTask
 .bss           0x2000004c        0xc ..\obj\main.o
 .bss           0x20000058       0xb4 ..\obj\trcBase.o
                0x20000058                excludedObjects
                0x20000060                excludedEventCodes
                0x20000084                objectHandleStacks
                0x200000f4                RecorderDataPtr
                0x200000f8                recorder_busy
                0x200000fc                traceErrorMessage
 .bss           0x2000010c       0x3c ..\obj\timers.o
 .bss           0x20000148      0x100 ..\obj\tasks.o
                0x20000148                pxCurrentTCB
 .bss           0x20000248       0x1c ..\obj\trcUser.o
                0x20000248                vTraceStopHookPtr
                0x2000025c                ptrLastISRExitEvent
                0x20000260                DWTCycleCountAtLastISRExit
 .bss           0x20000264        0x8 ..\obj\port.o
 .bss           0x2000026c       0x18 ..\obj\trcHardwarePort.o
                0x2000026c                trace_disable_timestamp
                0x20000270                last_timestamp
                0x20000274                uiTraceTickCount
                0x20000278                DWT_CYCLES_ADDED
 .bss           0x20000284    0x12c08 ..\obj\heap_1.o
 *(COMMON)
 COMMON         0x20012e8c        0x8 ..\obj\stm32f429i_discovery_ioe.o
                0x20012e8c                TP_State
 COMMON         0x20012e94        0x2 ..\obj\main.o
                0x20012e94                user_event_channel
 *fill*         0x20012e96        0x2 
 COMMON         0x20012e98     0x46c4 ..\obj\trcBase.o
                0x20012e98                RecorderData
                0x20017558                init_hwtc_count
 COMMON         0x2001755c       0x40 ..\obj\queue.o
                0x2001755c                xQueueRegistry
                0x2001759c                . = ALIGN (0x4)
                0x2001759c                __bss_end__ = .
                0x2001759c                _ebss = __bss_end__

.heap           0x2001759c        0x0
                0x2001759c                __end__ = .
                0x2001759c                _end = __end__
                0x2001759c                end = __end__
 *(.heap*)
                0x2001759c                __HeapLimit = .

.co_stack       0x2001759c        0x4 load address 0x0801f648
                0x200175a0                . = ALIGN (0x8)
 *fill*         0x2001759c        0x4 
 *(.co_stack .co_stack.*)
                0x20030000                __StackTop = (ORIGIN (ram) + 0x30000)
                0x2002fffc                __StackLimit = (__StackTop - SIZEOF (.co_stack))
                0x20030000                PROVIDE (__stack, __StackTop)
                0x00000001                ASSERT ((__StackLimit >= __HeapLimit), region ram  overflowed with stack)
LOAD ..\obj\stm32f4xx_syscfg.o
LOAD ..\obj\trcKernel.o
LOAD ..\obj\stm32f429i_discovery_ioe.o
LOAD ..\obj\stm32f4xx_sdio.o
LOAD ..\obj\stm32f4xx_cryp_aes.o
LOAD ..\obj\stm32f4xx_hash.o
LOAD ..\obj\stm32f4xx_dma2d.o
LOAD ..\obj\stm32f4xx_hash_sha1.o
LOAD ..\obj\stm32f4xx_usart.o
LOAD ..\obj\stm32f4xx_pwr.o
LOAD ..\obj\stm32f4xx_can.o
LOAD ..\obj\stm32f4xx_wwdg.o
LOAD ..\obj\stm32f4xx_hash_md5.o
LOAD ..\obj\stm32f4xx_dac.o
LOAD ..\obj\stm32f4xx_ltdc.o
LOAD ..\obj\stm32f4xx_crc.o
LOAD ..\obj\stm32f4xx_iwdg.o
LOAD ..\obj\main.o
LOAD ..\obj\trcBase.o
LOAD ..\obj\stm32f4xx_rcc.o
LOAD ..\obj\timers.o
LOAD ..\obj\stm32f4xx_adc.o
LOAD ..\obj\printf.o
LOAD ..\obj\stm32f4xx_dcmi.o
LOAD ..\obj\tasks.o
LOAD ..\obj\stm32f4xx_cryp_des.o
LOAD ..\obj\stm32f4xx_cryp.o
LOAD ..\obj\stm32f4xx_gpio.o
LOAD ..\obj\stm32f429i_discovery_sdram.o
LOAD ..\obj\stm32f4xx_flash.o
LOAD ..\obj\list.o
LOAD ..\obj\stm32f4xx_sai.o
LOAD ..\obj\system_stm32f4xx.o
LOAD ..\obj\stm32f4xx_dma.o
LOAD ..\obj\trcUser.o
LOAD ..\obj\stm32f4xx_fmc.o
LOAD ..\obj\port.o
LOAD ..\obj\queue.o
LOAD ..\obj\trcKernelPort.o
LOAD ..\obj\croutine.o
LOAD ..\obj\startup_stm32f429_439xx.o
LOAD ..\obj\stm32f4xx_spi.o
LOAD ..\obj\event_groups.o
LOAD ..\obj\stm32f4xx_i2c.o
LOAD ..\obj\stm32f4xx_rng.o
LOAD ..\obj\stm32f4xx_exti.o
LOAD ..\obj\trcHardwarePort.o
LOAD ..\obj\misc.o
LOAD ..\obj\heap_1.o
LOAD ..\obj\stm32f4xx_rtc.o
LOAD ..\obj\stm32f429i_discovery.o
LOAD ..\obj\stm32f429i_discovery_lcd.o
LOAD ..\obj\stm32f4xx_cryp_tdes.o
LOAD ..\obj\stm32f4xx_tim.o
LOAD ..\obj\stm32f4xx_dbgmcu.o
START GROUP
LOAD c:/program files (x86)/gnu tools arm embedded/4.9 2015q3/bin/../lib/gcc/arm-none-eabi/4.9.3/armv7e-m/fpu\libgcc.a
LOAD c:/program files (x86)/gnu tools arm embedded/4.9 2015q3/bin/../lib/gcc/arm-none-eabi/4.9.3/../../../../arm-none-eabi/lib/armv7e-m/fpu\libg.a
LOAD c:/program files (x86)/gnu tools arm embedded/4.9 2015q3/bin/../lib/gcc/arm-none-eabi/4.9.3/../../../../arm-none-eabi/lib/armv7e-m/fpu\libc.a
END GROUP
OUTPUT(ITSPLC_FreeRTOS.elf elf32-littlearm)

.debug_info     0x00000000     0xc8fd
 .debug_info    0x00000000      0x290 ..\obj\stm32f4xx_syscfg.o
 .debug_info    0x00000290     0x10b8 ..\obj\trcKernel.o
 .debug_info    0x00001348      0xc26 ..\obj\stm32f429i_discovery_ioe.o
 .debug_info    0x00001f6e      0x202 ..\obj\main.o
 .debug_info    0x00002170      0xb44 ..\obj\trcBase.o
 .debug_info    0x00002cb4      0xe11 ..\obj\stm32f4xx_rcc.o
 .debug_info    0x00003ac5      0xa3e ..\obj\timers.o
 .debug_info    0x00004503     0x1d84 ..\obj\tasks.o
 .debug_info    0x00006287      0x605 ..\obj\stm32f4xx_gpio.o
 .debug_info    0x0000688c      0x2cf ..\obj\list.o
 .debug_info    0x00006b5b      0x5b9 ..\obj\system_stm32f4xx.o
 .debug_info    0x00007114      0xfd9 ..\obj\trcUser.o
 .debug_info    0x000080ed      0x55d ..\obj\port.o
 .debug_info    0x0000864a     0x1396 ..\obj\queue.o
 .debug_info    0x000099e0      0x726 ..\obj\trcKernelPort.o
 .debug_info    0x0000a106       0xbf ..\obj\startup_stm32f429_439xx.o
 .debug_info    0x0000a1c5      0xb87 ..\obj\stm32f4xx_i2c.o
 .debug_info    0x0000ad4c      0x338 ..\obj\stm32f4xx_exti.o
 .debug_info    0x0000b084      0x5c7 ..\obj\trcHardwarePort.o
 .debug_info    0x0000b64b      0x53d ..\obj\misc.o
 .debug_info    0x0000bb88      0x1e6 ..\obj\heap_1.o
 .debug_info    0x0000bd6e      0xb8f ..\obj\stm32f429i_discovery.o

.debug_abbrev   0x00000000     0x25a5
 .debug_abbrev  0x00000000      0x131 ..\obj\stm32f4xx_syscfg.o
 .debug_abbrev  0x00000131      0x2bd ..\obj\trcKernel.o
 .debug_abbrev  0x000003ee      0x227 ..\obj\stm32f429i_discovery_ioe.o
 .debug_abbrev  0x00000615       0xde ..\obj\main.o
 .debug_abbrev  0x000006f3      0x2a7 ..\obj\trcBase.o
 .debug_abbrev  0x0000099a      0x1ba ..\obj\stm32f4xx_rcc.o
 .debug_abbrev  0x00000b54      0x1f4 ..\obj\timers.o
 .debug_abbrev  0x00000d48      0x2cd ..\obj\tasks.o
 .debug_abbrev  0x00001015      0x1a3 ..\obj\stm32f4xx_gpio.o
 .debug_abbrev  0x000011b8       0xd8 ..\obj\list.o
 .debug_abbrev  0x00001290      0x136 ..\obj\system_stm32f4xx.o
 .debug_abbrev  0x000013c6      0x375 ..\obj\trcUser.o
 .debug_abbrev  0x0000173b      0x1df ..\obj\port.o
 .debug_abbrev  0x0000191a      0x257 ..\obj\queue.o
 .debug_abbrev  0x00001b71      0x18c ..\obj\trcKernelPort.o
 .debug_abbrev  0x00001cfd       0x12 ..\obj\startup_stm32f429_439xx.o
 .debug_abbrev  0x00001d0f      0x164 ..\obj\stm32f4xx_i2c.o
 .debug_abbrev  0x00001e73      0x1a5 ..\obj\stm32f4xx_exti.o
 .debug_abbrev  0x00002018      0x148 ..\obj\trcHardwarePort.o
 .debug_abbrev  0x00002160      0x145 ..\obj\misc.o
 .debug_abbrev  0x000022a5      0x145 ..\obj\heap_1.o
 .debug_abbrev  0x000023ea      0x1bb ..\obj\stm32f429i_discovery.o

.debug_aranges  0x00000000      0xd38
 .debug_aranges
                0x00000000       0x50 ..\obj\stm32f4xx_syscfg.o
 .debug_aranges
                0x00000050       0x98 ..\obj\trcKernel.o
 .debug_aranges
                0x000000e8      0x100 ..\obj\stm32f429i_discovery_ioe.o
 .debug_aranges
                0x000001e8       0x30 ..\obj\main.o
 .debug_aranges
                0x00000218       0x90 ..\obj\trcBase.o
 .debug_aranges
                0x000002a8      0x1b8 ..\obj\stm32f4xx_rcc.o
 .debug_aranges
                0x00000460       0xa0 ..\obj\timers.o
 .debug_aranges
                0x00000500      0x1b8 ..\obj\tasks.o
 .debug_aranges
                0x000006b8       0x88 ..\obj\stm32f4xx_gpio.o
 .debug_aranges
                0x00000740       0x40 ..\obj\list.o
 .debug_aranges
                0x00000780       0x30 ..\obj\system_stm32f4xx.o
 .debug_aranges
                0x000007b0       0xe8 ..\obj\trcUser.o
 .debug_aranges
                0x00000898       0x80 ..\obj\port.o
 .debug_aranges
                0x00000918      0x100 ..\obj\queue.o
 .debug_aranges
                0x00000a18       0x70 ..\obj\trcKernelPort.o
 .debug_aranges
                0x00000a88       0x28 ..\obj\startup_stm32f429_439xx.o
 .debug_aranges
                0x00000ab0      0x130 ..\obj\stm32f4xx_i2c.o
 .debug_aranges
                0x00000be0       0x58 ..\obj\stm32f4xx_exti.o
 .debug_aranges
                0x00000c38       0x28 ..\obj\trcHardwarePort.o
 .debug_aranges
                0x00000c60       0x40 ..\obj\misc.o
 .debug_aranges
                0x00000ca0       0x38 ..\obj\heap_1.o
 .debug_aranges
                0x00000cd8       0x60 ..\obj\stm32f429i_discovery.o

.debug_ranges   0x00000000      0xbe0
 .debug_ranges  0x00000000       0x40 ..\obj\stm32f4xx_syscfg.o
 .debug_ranges  0x00000040       0x88 ..\obj\trcKernel.o
 .debug_ranges  0x000000c8       0xf0 ..\obj\stm32f429i_discovery_ioe.o
 .debug_ranges  0x000001b8       0x20 ..\obj\main.o
 .debug_ranges  0x000001d8       0x80 ..\obj\trcBase.o
 .debug_ranges  0x00000258      0x1a8 ..\obj\stm32f4xx_rcc.o
 .debug_ranges  0x00000400       0x90 ..\obj\timers.o
 .debug_ranges  0x00000490      0x1a8 ..\obj\tasks.o
 .debug_ranges  0x00000638       0x78 ..\obj\stm32f4xx_gpio.o
 .debug_ranges  0x000006b0       0x30 ..\obj\list.o
 .debug_ranges  0x000006e0       0x20 ..\obj\system_stm32f4xx.o
 .debug_ranges  0x00000700       0xd8 ..\obj\trcUser.o
 .debug_ranges  0x000007d8       0x70 ..\obj\port.o
 .debug_ranges  0x00000848       0xf0 ..\obj\queue.o
 .debug_ranges  0x00000938       0x60 ..\obj\trcKernelPort.o
 .debug_ranges  0x00000998       0x20 ..\obj\startup_stm32f429_439xx.o
 .debug_ranges  0x000009b8      0x120 ..\obj\stm32f4xx_i2c.o
 .debug_ranges  0x00000ad8       0x48 ..\obj\stm32f4xx_exti.o
 .debug_ranges  0x00000b20       0x18 ..\obj\trcHardwarePort.o
 .debug_ranges  0x00000b38       0x30 ..\obj\misc.o
 .debug_ranges  0x00000b68       0x28 ..\obj\heap_1.o
 .debug_ranges  0x00000b90       0x50 ..\obj\stm32f429i_discovery.o

.debug_line     0x00000000     0x66d5
 .debug_line    0x00000000      0x244 ..\obj\stm32f4xx_syscfg.o
 .debug_line    0x00000244      0x5a0 ..\obj\trcKernel.o
 .debug_line    0x000007e4      0x7c2 ..\obj\stm32f429i_discovery_ioe.o
 .debug_line    0x00000fa6      0x260 ..\obj\main.o
 .debug_line    0x00001206      0x504 ..\obj\trcBase.o
 .debug_line    0x0000170a      0x665 ..\obj\stm32f4xx_rcc.o
 .debug_line    0x00001d6f      0x574 ..\obj\timers.o
 .debug_line    0x000022e3      0xec1 ..\obj\tasks.o
 .debug_line    0x000031a4      0x366 ..\obj\stm32f4xx_gpio.o
 .debug_line    0x0000350a      0x286 ..\obj\list.o
 .debug_line    0x00003790      0x21b ..\obj\system_stm32f4xx.o
 .debug_line    0x000039ab      0x6ed ..\obj\trcUser.o
 .debug_line    0x00004098      0x411 ..\obj\port.o
 .debug_line    0x000044a9      0xb5c ..\obj\queue.o
 .debug_line    0x00005005      0x348 ..\obj\trcKernelPort.o
 .debug_line    0x0000534d       0xb2 ..\obj\startup_stm32f429_439xx.o
 .debug_line    0x000053ff      0x522 ..\obj\stm32f4xx_i2c.o
 .debug_line    0x00005921      0x2b9 ..\obj\stm32f4xx_exti.o
 .debug_line    0x00005bda      0x260 ..\obj\trcHardwarePort.o
 .debug_line    0x00005e3a      0x262 ..\obj\misc.o
 .debug_line    0x0000609c      0x2af ..\obj\heap_1.o
 .debug_line    0x0000634b      0x38a ..\obj\stm32f429i_discovery.o

.debug_str      0x00000000     0x4de0
 .debug_str     0x00000000      0x2d6 ..\obj\stm32f4xx_syscfg.o
                                0x334 (size before relaxing)
 .debug_str     0x000002d6      0x844 ..\obj\trcKernel.o
                                0xa16 (size before relaxing)
 .debug_str     0x00000b1a      0x6f8 ..\obj\stm32f429i_discovery_ioe.o
                                0x8d9 (size before relaxing)
 .debug_str     0x00001212       0xca ..\obj\main.o
                                0x2ad (size before relaxing)
 .debug_str     0x000012dc      0x317 ..\obj\trcBase.o
                                0x96d (size before relaxing)
 .debug_str     0x000015f3      0x786 ..\obj\stm32f4xx_rcc.o
                                0x9c3 (size before relaxing)
 .debug_str     0x00001d79      0x519 ..\obj\timers.o
                                0x774 (size before relaxing)
 .debug_str     0x00002292      0xc19 ..\obj\tasks.o
                                0xf8f (size before relaxing)
 .debug_str     0x00002eab      0x1a0 ..\obj\stm32f4xx_gpio.o
                                0x4c6 (size before relaxing)
 .debug_str     0x0000304b       0xc7 ..\obj\list.o
                                0x327 (size before relaxing)
 .debug_str     0x00003112      0x121 ..\obj\system_stm32f4xx.o
                                0x3e9 (size before relaxing)
 .debug_str     0x00003233      0x368 ..\obj\trcUser.o
                                0xa3e (size before relaxing)
 .debug_str     0x0000359b      0x210 ..\obj\port.o
                                0x49a (size before relaxing)
 .debug_str     0x000037ab      0x49b ..\obj\queue.o
                                0x8ae (size before relaxing)
 .debug_str     0x00003c46      0x191 ..\obj\trcKernelPort.o
                                0x817 (size before relaxing)
 .debug_str     0x00003dd7      0x38e ..\obj\stm32f4xx_i2c.o
                                0x6d8 (size before relaxing)
 .debug_str     0x00004165      0x1d0 ..\obj\stm32f4xx_exti.o
                                0x372 (size before relaxing)
 .debug_str     0x00004335       0xd1 ..\obj\trcHardwarePort.o
                                0x6b8 (size before relaxing)
 .debug_str     0x00004406      0x1ce ..\obj\misc.o
                                0x3f4 (size before relaxing)
 .debug_str     0x000045d4       0xbf ..\obj\heap_1.o
                                0x2ae (size before relaxing)
 .debug_str     0x00004693      0x74d ..\obj\stm32f429i_discovery.o
                                0xdbe (size before relaxing)

.comment        0x00000000       0x70
 .comment       0x00000000       0x70 ..\obj\stm32f4xx_syscfg.o
                                 0x71 (size before relaxing)
 .comment       0x00000000       0x71 ..\obj\trcKernel.o
 .comment       0x00000000       0x71 ..\obj\stm32f429i_discovery_ioe.o
 .comment       0x00000000       0x71 ..\obj\main.o
 .comment       0x00000000       0x71 ..\obj\trcBase.o
 .comment       0x00000000       0x71 ..\obj\stm32f4xx_rcc.o
 .comment       0x00000000       0x71 ..\obj\timers.o
 .comment       0x00000000       0x71 ..\obj\tasks.o
 .comment       0x00000000       0x71 ..\obj\stm32f4xx_gpio.o
 .comment       0x00000000       0x71 ..\obj\list.o
 .comment       0x00000000       0x71 ..\obj\system_stm32f4xx.o
 .comment       0x00000000       0x71 ..\obj\trcUser.o
 .comment       0x00000000       0x71 ..\obj\port.o
 .comment       0x00000000       0x71 ..\obj\queue.o
 .comment       0x00000000       0x71 ..\obj\trcKernelPort.o
 .comment       0x00000000       0x71 ..\obj\stm32f4xx_i2c.o
 .comment       0x00000000       0x71 ..\obj\stm32f4xx_exti.o
 .comment       0x00000000       0x71 ..\obj\trcHardwarePort.o
 .comment       0x00000000       0x71 ..\obj\misc.o
 .comment       0x00000000       0x71 ..\obj\heap_1.o
 .comment       0x00000000       0x71 ..\obj\stm32f429i_discovery.o

.ARM.attributes
                0x00000000       0x37
 .ARM.attributes
                0x00000000       0x39 ..\obj\stm32f4xx_syscfg.o
 .ARM.attributes
                0x00000039       0x39 ..\obj\trcKernel.o
 .ARM.attributes
                0x00000072       0x39 ..\obj\stm32f429i_discovery_ioe.o
 .ARM.attributes
                0x000000ab       0x39 ..\obj\main.o
 .ARM.attributes
                0x000000e4       0x39 ..\obj\trcBase.o
 .ARM.attributes
                0x0000011d       0x39 ..\obj\stm32f4xx_rcc.o
 .ARM.attributes
                0x00000156       0x39 ..\obj\timers.o
 .ARM.attributes
                0x0000018f       0x39 ..\obj\tasks.o
 .ARM.attributes
                0x000001c8       0x39 ..\obj\stm32f4xx_gpio.o
 .ARM.attributes
                0x00000201       0x39 ..\obj\list.o
 .ARM.attributes
                0x0000023a       0x39 ..\obj\system_stm32f4xx.o
 .ARM.attributes
                0x00000273       0x39 ..\obj\trcUser.o
 .ARM.attributes
                0x000002ac       0x39 ..\obj\port.o
 .ARM.attributes
                0x000002e5       0x39 ..\obj\queue.o
 .ARM.attributes
                0x0000031e       0x39 ..\obj\trcKernelPort.o
 .ARM.attributes
                0x00000357       0x21 ..\obj\startup_stm32f429_439xx.o
 .ARM.attributes
                0x00000378       0x39 ..\obj\stm32f4xx_i2c.o
 .ARM.attributes
                0x000003b1       0x39 ..\obj\stm32f4xx_exti.o
 .ARM.attributes
                0x000003ea       0x39 ..\obj\trcHardwarePort.o
 .ARM.attributes
                0x00000423       0x39 ..\obj\misc.o
 .ARM.attributes
                0x0000045c       0x39 ..\obj\heap_1.o
 .ARM.attributes
                0x00000495       0x39 ..\obj\stm32f429i_discovery.o
 .ARM.attributes
                0x000004ce       0x22 c:/program files (x86)/gnu tools arm embedded/4.9 2015q3/bin/../lib/gcc/arm-none-eabi/4.9.3/armv7e-m/fpu\libgcc.a(_arm_truncdfsf2.o)
 .ARM.attributes
                0x000004f0       0x20 c:/program files (x86)/gnu tools arm embedded/4.9 2015q3/bin/../lib/gcc/arm-none-eabi/4.9.3/../../../../arm-none-eabi/lib/armv7e-m/fpu\libg.a(lib_a-memcpy.o)
 .ARM.attributes
                0x00000510       0x34 c:/program files (x86)/gnu tools arm embedded/4.9 2015q3/bin/../lib/gcc/arm-none-eabi/4.9.3/../../../../arm-none-eabi/lib/armv7e-m/fpu\libg.a(lib_a-memset.o)
 .ARM.attributes
                0x00000544       0x34 c:/program files (x86)/gnu tools arm embedded/4.9 2015q3/bin/../lib/gcc/arm-none-eabi/4.9.3/../../../../arm-none-eabi/lib/armv7e-m/fpu\libg.a(lib_a-strncmp.o)
 .ARM.attributes
                0x00000578       0x34 c:/program files (x86)/gnu tools arm embedded/4.9 2015q3/bin/../lib/gcc/arm-none-eabi/4.9.3/../../../../arm-none-eabi/lib/armv7e-m/fpu\libg.a(lib_a-strncpy.o)

.debug_frame    0x00000000     0x35a0
 .debug_frame   0x00000000      0x11c ..\obj\stm32f4xx_syscfg.o
 .debug_frame   0x0000011c      0x270 ..\obj\trcKernel.o
 .debug_frame   0x0000038c      0x400 ..\obj\stm32f429i_discovery_ioe.o
 .debug_frame   0x0000078c       0x70 ..\obj\main.o
 .debug_frame   0x000007fc      0x21c ..\obj\trcBase.o
 .debug_frame   0x00000a18      0x814 ..\obj\stm32f4xx_rcc.o
 .debug_frame   0x0000122c      0x284 ..\obj\timers.o
 .debug_frame   0x000014b0      0x788 ..\obj\tasks.o
 .debug_frame   0x00001c38      0x23c ..\obj\stm32f4xx_gpio.o
 .debug_frame   0x00001e74       0xd8 ..\obj\list.o
 .debug_frame   0x00001f4c       0x7c ..\obj\system_stm32f4xx.o
 .debug_frame   0x00001fc8      0x3a4 ..\obj\trcUser.o
 .debug_frame   0x0000236c      0x19c ..\obj\port.o
 .debug_frame   0x00002508      0x474 ..\obj\queue.o
 .debug_frame   0x0000297c      0x178 ..\obj\trcKernelPort.o
 .debug_frame   0x00002af4      0x580 ..\obj\stm32f4xx_i2c.o
 .debug_frame   0x00003074      0x148 ..\obj\stm32f4xx_exti.o
 .debug_frame   0x000031bc       0x54 ..\obj\trcHardwarePort.o
 .debug_frame   0x00003210       0xd8 ..\obj\misc.o
 .debug_frame   0x000032e8       0x9c ..\obj\heap_1.o
 .debug_frame   0x00003384      0x160 ..\obj\stm32f429i_discovery.o
 .debug_frame   0x000034e4       0x34 c:/program files (x86)/gnu tools arm embedded/4.9 2015q3/bin/../lib/gcc/arm-none-eabi/4.9.3/../../../../arm-none-eabi/lib/armv7e-m/fpu\libg.a(lib_a-memset.o)
 .debug_frame   0x00003518       0x54 c:/program files (x86)/gnu tools arm embedded/4.9 2015q3/bin/../lib/gcc/arm-none-eabi/4.9.3/../../../../arm-none-eabi/lib/armv7e-m/fpu\libg.a(lib_a-strncmp.o)
 .debug_frame   0x0000356c       0x34 c:/program files (x86)/gnu tools arm embedded/4.9 2015q3/bin/../lib/gcc/arm-none-eabi/4.9.3/../../../../arm-none-eabi/lib/armv7e-m/fpu\libg.a(lib_a-strncpy.o)
