Archive member included because of file (symbol)

c:/program files (x86)/gnu tools arm embedded/4.9 2015q3/bin/../lib/gcc/arm-none-eabi/4.9.3/armv7e-m/fpu\libgcc.a(_arm_truncdfsf2.o)
                              ..\obj\trcUser.o (__aeabi_d2f)
c:/program files (x86)/gnu tools arm embedded/4.9 2015q3/bin/../lib/gcc/arm-none-eabi/4.9.3/../../../../arm-none-eabi/lib/armv7e-m/fpu\libg.a(lib_a-memcpy.o)
                              ..\obj\trcUser.o (memcpy)
c:/program files (x86)/gnu tools arm embedded/4.9 2015q3/bin/../lib/gcc/arm-none-eabi/4.9.3/../../../../arm-none-eabi/lib/armv7e-m/fpu\libg.a(lib_a-memset.o)
                              ..\obj\trcBase.o (memset)
c:/program files (x86)/gnu tools arm embedded/4.9 2015q3/bin/../lib/gcc/arm-none-eabi/4.9.3/../../../../arm-none-eabi/lib/armv7e-m/fpu\libg.a(lib_a-strncmp.o)
                              ..\obj\trcBase.o (strncmp)
c:/program files (x86)/gnu tools arm embedded/4.9 2015q3/bin/../lib/gcc/arm-none-eabi/4.9.3/../../../../arm-none-eabi/lib/armv7e-m/fpu\libg.a(lib_a-strncpy.o)
                              ..\obj\trcBase.o (strncpy)

Allocating common symbols
Common symbol       size              file

sEEDMA_InitStructure
                    0x3c              ..\obj\stm32f429i_discovery.o
sem_I2C_BUS         0x4               ..\obj\TD_acquisition.o
xQueueRegistry      0x40              ..\obj\queue.o
RecorderData        0x46c0            ..\obj\trcBase.o
q_pieceDispo        0x4               ..\obj\TD_acquisition.o
q_caisseArrivee     0x4               ..\obj\TD_acquisition.o
user_event_channel  0x2               ..\obj\main.o
q_newSubscriptions  0x4               ..\obj\TD_acquisition.o
q_actuators         0x4               ..\obj\TD_acquisition.o
q_sensorsTapisEntree
                    0x4               ..\obj\TD_acquisition.o
q_sensorsTapisSortie
                    0x4               ..\obj\TD_acquisition.o
q_caissePleine      0x4               ..\obj\TD_acquisition.o
TP_State            0x8               ..\obj\stm32f429i_discovery_ioe.o
NVIC_InitStructure  0x4               ..\obj\stm32f429i_discovery.o
init_hwtc_count     0x4               ..\obj\trcBase.o
q_piecePrise        0x4               ..\obj\TD_acquisition.o

Discarded input sections

 .text          0x00000000        0x0 ..\obj\stm32f4xx_syscfg.o
 .data          0x00000000        0x0 ..\obj\stm32f4xx_syscfg.o
 .bss           0x00000000        0x0 ..\obj\stm32f4xx_syscfg.o
 .text.SYSCFG_DeInit
                0x00000000       0x1c ..\obj\stm32f4xx_syscfg.o
 .text.SYSCFG_MemoryRemapConfig
                0x00000000       0x20 ..\obj\stm32f4xx_syscfg.o
 .text.SYSCFG_MemorySwappingBank
                0x00000000       0x20 ..\obj\stm32f4xx_syscfg.o
 .text.SYSCFG_ETH_MediaInterfaceConfig
                0x00000000       0x1c ..\obj\stm32f4xx_syscfg.o
 .text.SYSCFG_CompensationCellCmd
                0x00000000       0x20 ..\obj\stm32f4xx_syscfg.o
 .text.SYSCFG_GetCompensationCellStatus
                0x00000000       0x34 ..\obj\stm32f4xx_syscfg.o
 .text          0x00000000        0x0 ..\obj\trcKernel.o
 .text.vTraceSetReadyEventsEnabled
                0x00000000       0x1c ..\obj\trcKernel.o
 .text.vTraceStoreLowPower
                0x00000000       0xa8 ..\obj\trcKernel.o
 .text          0x00000000        0x0 ..\obj\stm32f429i_discovery_ioe.o
 .bss           0x00000000        0x8 ..\obj\stm32f429i_discovery_ioe.o
 .text.IOE_TPITConfig
                0x00000000       0x20 ..\obj\stm32f429i_discovery_ioe.o
 .text.IOE_TP_GetState
                0x00000000       0xcc ..\obj\stm32f429i_discovery_ioe.o
 .text.IOE_GetGITStatus
                0x00000000       0x34 ..\obj\stm32f429i_discovery_ioe.o
 .text.IOE_ClearGITPending
                0x00000000       0x20 ..\obj\stm32f429i_discovery_ioe.o
 .text.IOE_GITCmd
                0x00000000       0x44 ..\obj\stm32f429i_discovery_ioe.o
 .text.IOE_GITConfig
                0x00000000       0x50 ..\obj\stm32f429i_discovery_ioe.o
 .text.I2C_DMA_WriteDeviceRegister
                0x00000000      0x198 ..\obj\stm32f429i_discovery_ioe.o
 .text.I2C_DMA_ReadDeviceRegister
                0x00000000      0x1d4 ..\obj\stm32f429i_discovery_ioe.o
 .text.I2C_DMA_ReadDataBuffer
                0x00000000      0x200 ..\obj\stm32f429i_discovery_ioe.o
 .text.IOE_TP_Read_X
                0x00000000       0x68 ..\obj\stm32f429i_discovery_ioe.o
 .text.IOE_TP_Read_Y
                0x00000000       0x54 ..\obj\stm32f429i_discovery_ioe.o
 .text.IOE_TP_Read_Z
                0x00000000       0x28 ..\obj\stm32f429i_discovery_ioe.o
 .text.IOE_DMA_Config
                0x00000000       0xa4 ..\obj\stm32f429i_discovery_ioe.o
 .text.I2C_ReadDataBuffer
                0x00000000      0x1d8 ..\obj\stm32f429i_discovery_ioe.o
 .text          0x00000000        0x0 ..\obj\stm32f4xx_sdio.o
 .data          0x00000000        0x0 ..\obj\stm32f4xx_sdio.o
 .bss           0x00000000        0x0 ..\obj\stm32f4xx_sdio.o
 .text.SDIO_DeInit
[...]
Memory Configuration

Name             Origin             Length             Attributes
rom              0x08000000         0x00200000         xr
ram              0x20000000         0x00030000         xrw
ram1             0x10000000         0x00010000         xrw
*default*        0x00000000         0xffffffff

Linker script and memory map

                0x20030000                _eram = 0x20030000

.text           0x08000000     0x8301
 *(.isr_vector)
 .isr_vector    0x08000000      0x1ac ..\obj\startup_stm32f429_439xx.o
                0x08000000                g_pfnVectors
 *(.text*)
 .text.SYSCFG_EXTILineConfig
                0x080001ac       0x84 ..\obj\stm32f4xx_syscfg.o
                0x080001ac                SYSCFG_EXTILineConfig
 .text.vTraceStoreTaskReady
                0x08000230       0xe8 ..\obj\trcKernel.o
                0x08000230                vTraceStoreTaskReady
 .text.vTraceStoreMemMangEvent
                0x08000318      0x128 ..\obj\trcKernel.o
                0x08000318                vTraceStoreMemMangEvent
 .text.vTraceStoreKernelCall
                0x08000440      0x144 ..\obj\trcKernel.o
                0x08000440                vTraceStoreKernelCall
 .text.vTraceStoreKernelCallWithParam
                0x08000584      0x15c ..\obj\trcKernel.o
                0x08000584                vTraceStoreKernelCallWithParam
 .text.prvTraceGetParam
                0x080006e0       0x7c ..\obj\trcKernel.o
 .text.vTraceStoreKernelCallWithNumericParamOnly
                0x0800075c      0x100 ..\obj\trcKernel.o
                0x0800075c                vTraceStoreKernelCallWithNumericParamOnly
 .text.vTraceStoreTaskswitch
                0x0800085c      0x12c ..\obj\trcKernel.o
                0x0800085c                vTraceStoreTaskswitch
 .text.vTraceStoreObjectNameOnCloseEvent
                0x08000988       0xa4 ..\obj\trcKernel.o
                0x08000988                vTraceStoreObjectNameOnCloseEvent
 .text.vTraceStoreObjectPropertiesOnCloseEvent
                0x08000a2c       0xd0 ..\obj\trcKernel.o
                0x08000a2c                vTraceStoreObjectPropertiesOnCloseEvent
 .text.vTraceSetPriorityProperty
                0x08000afc       0x78 ..\obj\trcKernel.o
                0x08000afc                vTraceSetPriorityProperty
 .text.uiTraceGetPriorityProperty
                0x08000b74       0x7c ..\obj\trcKernel.o
                0x08000b74                uiTraceGetPriorityProperty
 .text.vTraceSetObjectState
                0x08000bf0       0x78 ..\obj\trcKernel.o
                0x08000bf0                vTraceSetObjectState
 .text.uiTraceGetObjectState
                0x08000c68       0x78 ..\obj\trcKernel.o
                0x08000c68                uiTraceGetObjectState
 .text.vTraceSetTaskInstanceFinished
                0x08000ce0       0x54 ..\obj\trcKernel.o
                0x08000ce0                vTraceSetTaskInstanceFinished
 .text.IOE_Config
                0x08000d34       0x30 ..\obj\stm32f429i_discovery_ioe.o
                0x08000d34                IOE_Config
 .text.IOE_IsOperational
                0x08000d64       0x34 ..\obj\stm32f429i_discovery_ioe.o
                0x08000d64                IOE_IsOperational
 .text.IOE_Reset
                0x08000d98       0x20 ..\obj\stm32f429i_discovery_ioe.o
                0x08000d98                IOE_Reset
 .text.IOE_ReadID
                0x08000db8       0x34 ..\obj\stm32f429i_discovery_ioe.o
                0x08000db8                IOE_ReadID
 .text.IOE_FnctCmd
                0x08000dec       0x50 ..\obj\stm32f429i_discovery_ioe.o
                0x08000dec                IOE_FnctCmd
 .text.IOE_TP_Config
                0x08000e3c       0x94 ..\obj\stm32f429i_discovery_ioe.o
                0x08000e3c                IOE_TP_Config
 .text.IOE_IOAFConfig
                0x08000ed0       0x50 ..\obj\stm32f429i_discovery_ioe.o
                0x08000ed0                IOE_IOAFConfig
 .text.IOE_GPIO_Config
                0x08000f20       0x8c ..\obj\stm32f429i_discovery_ioe.o
 .text.IOE_I2C_Config
                0x08000fac       0x54 ..\obj\stm32f429i_discovery_ioe.o
 .text.I2C_WriteDeviceRegister
                0x08001000      0x160 ..\obj\stm32f429i_discovery_ioe.o
                0x08001000                I2C_WriteDeviceRegister
 .text.I2C_WritePCFRegister
                0x08001160      0x124 ..\obj\stm32f429i_discovery_ioe.o
                0x08001160                I2C_WritePCFRegister
 .text.I2C_ReadDeviceRegister
                0x08001284      0x1dc ..\obj\stm32f429i_discovery_ioe.o
                0x08001284                I2C_ReadDeviceRegister
 .text.I2C_ReadPCFRegister
                0x08001460       0xf0 ..\obj\stm32f429i_discovery_ioe.o
                0x08001460                I2C_ReadPCFRegister
 .text.IOE_TimeoutUserCallback
                0x08001550       0x6c ..\obj\stm32f429i_discovery_ioe.o
                0x08001550                IOE_TimeoutUserCallback
 .text.delay    0x080015bc       0x34 ..\obj\stm32f429i_discovery_ioe.o
 .text.vTaskAcquisitionCapteur
                0x080015f0      0x1c0 ..\obj\TD_acquisition.o
                0x080015f0                vTaskAcquisitionCapteur
 .text.ReadSensors
                0x080017b0       0x38 ..\obj\TD_acquisition.o
                0x080017b0                ReadSensors
 .text.vTaskTapisEntree
                0x080017e8      0x1bc ..\obj\TD_tapisEntree.o
                0x080017e8                vTaskTapisEntree
 .text.DeplacerTapisEntree
                0x080019a4       0x4c ..\obj\TD_tapisEntree.o
                0x080019a4                DeplacerTapisEntree
 .text.main     0x080019f0      0x244 ..\obj\main.o
                0x080019f0                main
 .text.prvTraceInitTraceData
                0x08001c34      0x21c ..\obj\trcBase.o
                0x08001c34                prvTraceInitTraceData
 .text.vInitStartMarkers
                0x08001e50       0x50 ..\obj\trcBase.o
 .text.xTraceNextFreeEventBufferSlot
                0x08001ea0       0x48 ..\obj\trcBase.o
                0x08001ea0                xTraceNextFreeEventBufferSlot
 .text.uiIndexOfObject
                0x08001ee8       0xb0 ..\obj\trcBase.o
                0x08001ee8                uiIndexOfObject
 .text.xTraceGetObjectHandle
                0x08001f98      0x270 ..\obj\trcBase.o
                0x08001f98                xTraceGetObjectHandle
 .text.vTraceFreeObjectHandle
                0x08002208       0xa4 ..\obj\trcBase.o
                0x08002208                vTraceFreeObjectHandle
 .text.vTraceSetObjectName
                0x080022ac       0xbc ..\obj\trcBase.o
                0x080022ac                vTraceSetObjectName
 .text.prvTraceOpenSymbol
                0x08002368       0xa0 ..\obj\trcBase.o
                0x08002368                prvTraceOpenSymbol
 .text.vTraceError
                0x08002408       0x74 ..\obj\trcBase.o
                0x08002408                vTraceError
 .text.prvTraceUpdateCounters
                0x0800247c       0x3c ..\obj\trcBase.o
                0x0800247c                prvTraceUpdateCounters
 .text.prvTraceGetDTS
                0x080024b8      0x168 ..\obj\trcBase.o
                0x080024b8                prvTraceGetDTS
 .text.prvTraceLookupSymbolTableEntry
                0x08002620       0xf8 ..\obj\trcBase.o
                0x08002620                prvTraceLookupSymbolTableEntry
 .text.prvTraceCreateSymbolTableEntry
                0x08002718      0x17c ..\obj\trcBase.o
                0x08002718                prvTraceCreateSymbolTableEntry
 .text.prvTraceGetChecksum
                0x08002894       0x8c ..\obj\trcBase.o
                0x08002894                prvTraceGetChecksum
 .text.RCC_GetClocksFreq
                0x08002920      0x154 ..\obj\stm32f4xx_rcc.o
                0x08002920                RCC_GetClocksFreq
 .text.RCC_AHB1PeriphClockCmd
                0x08002a74       0x3c ..\obj\stm32f4xx_rcc.o
                0x08002a74                RCC_AHB1PeriphClockCmd
 .text.RCC_APB1PeriphClockCmd
                0x08002ab0       0x3c ..\obj\stm32f4xx_rcc.o
                0x08002ab0                RCC_APB1PeriphClockCmd
 .text.RCC_APB2PeriphClockCmd
                0x08002aec       0x3c ..\obj\stm32f4xx_rcc.o
                0x08002aec                RCC_APB2PeriphClockCmd
 .text.RCC_APB1PeriphResetCmd
                0x08002b28       0x3c ..\obj\stm32f4xx_rcc.o
                0x08002b28                RCC_APB1PeriphResetCmd
 .text.xTimerCreateTimerTask
                0x08002b64       0x6c ..\obj\timers.o
                0x08002b64                xTimerCreateTimerTask
 .text.xTimerGenericCommand
                0x08002bd0      0x124 ..\obj\timers.o
                0x08002bd0                xTimerGenericCommand
 .text.prvProcessExpiredTimer
                0x08002cf4       0x80 ..\obj\timers.o
 .text.prvTimerTask
                0x08002d74       0x24 ..\obj\timers.o
 .text.prvProcessTimerOrBlockTask
                0x08002d98       0x80 ..\obj\timers.o
 .text.prvGetNextExpireTime
                0x08002e18       0x48 ..\obj\timers.o
 .text.prvSampleTimeNow
                0x08002e60       0x40 ..\obj\timers.o
 .text.prvInsertTimerInActiveList
                0x08002ea0       0x84 ..\obj\timers.o
 .text.prvProcessReceivedCommands
                0x08002f24      0x12c ..\obj\timers.o
 .text.prvSwitchTimerLists
                0x08003050       0xc0 ..\obj\timers.o
 .text.prvCheckForValidListAndQueue
                0x08003110       0x8c ..\obj\timers.o
 .text.vTaskEcritureActionneur
                0x0800319c       0xc0 ..\obj\TD_ecriture.o
                0x0800319c                vTaskEcritureActionneur
 .text.WriteActuators
                0x0800325c       0x24 ..\obj\TD_ecriture.o
                0x0800325c                WriteActuators
 .text.xTaskGenericCreate
                0x08003280      0x214 ..\obj\tasks.o
                0x08003280                xTaskGenericCreate
 .text.vTaskDelayUntil
                0x08003494      0x14c ..\obj\tasks.o
                0x08003494                vTaskDelayUntil
 .text.vTaskStartScheduler
                0x080035e0       0x98 ..\obj\tasks.o
                0x080035e0                vTaskStartScheduler
 .text.vTaskSuspendAll
                0x08003678       0x1c ..\obj\tasks.o
                0x08003678                vTaskSuspendAll
 .text.xTaskResumeAll
                0x08003694      0x138 ..\obj\tasks.o
                0x08003694                xTaskResumeAll
 .text.xTaskGetTickCount
                0x080037cc       0x20 ..\obj\tasks.o
                0x080037cc                xTaskGetTickCount
 .text.xTaskIncrementTick
                0x080037ec      0x1b4 ..\obj\tasks.o
                0x080037ec                xTaskIncrementTick
 .text.vTaskSwitchContext
                0x080039a0       0xc4 ..\obj\tasks.o
                0x080039a0                vTaskSwitchContext
 .text.vTaskPlaceOnEventList
                0x08003a64       0x9c ..\obj\tasks.o
                0x08003a64                vTaskPlaceOnEventList
 .text.vTaskPlaceOnEventListRestricted
                0x08003b00      0x104 ..\obj\tasks.o
                0x08003b00                vTaskPlaceOnEventListRestricted
 .text.xTaskRemoveFromEventList
                0x08003c04       0xd4 ..\obj\tasks.o
                0x08003c04                xTaskRemoveFromEventList
 .text.vTaskSetTimeOutState
                0x08003cd8       0x44 ..\obj\tasks.o
                0x08003cd8                vTaskSetTimeOutState
 .text.xTaskCheckForTimeOut
                0x08003d1c       0xbc ..\obj\tasks.o
                0x08003d1c                xTaskCheckForTimeOut
 .text.vTaskMissedYield
                0x08003dd8       0x18 ..\obj\tasks.o
                0x08003dd8                vTaskMissedYield
 .text.uxTaskGetTaskNumber
                0x08003df0       0x2c ..\obj\tasks.o
                0x08003df0                uxTaskGetTaskNumber
 .text.prvIdleTask
                0x08003e1c       0x30 ..\obj\tasks.o
 .text.prvInitialiseTCBVariables
                0x08003e4c       0xa4 ..\obj\tasks.o
 .text.prvInitialiseTaskLists
                0x08003ef0       0x7c ..\obj\tasks.o
 .text.prvCheckTasksWaitingTermination
                0x08003f6c       0x74 ..\obj\tasks.o
 .text.prvAddCurrentTaskToDelayedList
                0x08003fe0       0x6c ..\obj\tasks.o
 .text.prvAllocateTCBAndStack
                0x0800404c       0x70 ..\obj\tasks.o
 .text.prvDeleteTCB
                0x080040bc       0x20 ..\obj\tasks.o
 .text.prvResetNextTaskUnblockTime
                0x080040dc       0x48 ..\obj\tasks.o
 .text.xTaskGetCurrentTaskHandle
                0x08004124       0x20 ..\obj\tasks.o
                0x08004124                xTaskGetCurrentTaskHandle
 .text.xTaskGetSchedulerState
                0x08004144       0x3c ..\obj\tasks.o
                0x08004144                xTaskGetSchedulerState
 .text.vTaskPriorityInherit
                0x08004180      0x144 ..\obj\tasks.o
                0x08004180                vTaskPriorityInherit
 .text.xTaskPriorityDisinherit
                0x080042c4      0x15c ..\obj\tasks.o
                0x080042c4                xTaskPriorityDisinherit
 .text.pvTaskIncrementMutexHeldCount
                0x08004420       0x28 ..\obj\tasks.o
                0x08004420                pvTaskIncrementMutexHeldCount
 .text.GPIO_Init
                0x08004448      0x11c ..\obj\stm32f4xx_gpio.o
                0x08004448                GPIO_Init
 .text.GPIO_PinAFConfig
                0x08004564       0x90 ..\obj\stm32f4xx_gpio.o
                0x08004564                GPIO_PinAFConfig
 .text.vListInitialise
                0x080045f4       0x40 ..\obj\list.o
                0x080045f4                vListInitialise
 .text.vListInitialiseItem
                0x08004634       0x18 ..\obj\list.o
                0x08004634                vListInitialiseItem
 .text.vListInsertEnd
                0x0800464c       0x48 ..\obj\list.o
                0x0800464c                vListInsertEnd
 .text.vListInsert
                0x08004694       0x70 ..\obj\list.o
                0x08004694                vListInsert
 .text.uxListRemove
                0x08004704       0x54 ..\obj\list.o
                0x08004704                uxListRemove
 .text.SystemInit
                0x08004758       0x68 ..\obj\system_stm32f4xx.o
                0x08004758                SystemInit
 .text.SetSysClock
                0x080047c0      0x128 ..\obj\system_stm32f4xx.o
 .text.vTraceInitTraceData
                0x080048e8        0xc ..\obj\trcUser.o
                0x080048e8                vTraceInitTraceData
 .text.uiTraceStart
                0x080048f4       0xc0 ..\obj\trcUser.o
                0x080048f4                uiTraceStart
 .text.vTraceStop
                0x080049b4       0x24 ..\obj\trcUser.o
                0x080049b4                vTraceStop
 .text.xTraceOpenLabel
                0x080049d8       0x30 ..\obj\trcUser.o
                0x080049d8                xTraceOpenLabel
 .text.pxPortInitialiseStack
                0x08004a08       0x64 ..\obj\port.o
                0x08004a08                pxPortInitialiseStack
 .text.prvTaskExitError
                0x08004a6c       0x3c ..\obj\port.o
 .text.SVC_Handler
                0x08004aa8       0x20 ..\obj\port.o
                0x08004aa8                SVC_Handler
 .text.prvPortStartFirstTask
                0x08004ac8       0x20 ..\obj\port.o
 .text.xPortStartScheduler
                0x08004ae8      0x118 ..\obj\port.o
                0x08004ae8                xPortStartScheduler
 .text.vPortEnterCritical
                0x08004c00       0x5c ..\obj\port.o
                0x08004c00                vPortEnterCritical
 .text.vPortExitCritical
                0x08004c5c       0x4c ..\obj\port.o
                0x08004c5c                vPortExitCritical
 .text.PendSV_Handler
                0x08004ca8       0x60 ..\obj\port.o
                0x08004ca8                PendSV_Handler
 .text.SysTick_Handler
                0x08004d08       0x44 ..\obj\port.o
                0x08004d08                SysTick_Handler
 .text.vPortSetupTimerInterrupt
                0x08004d4c       0x34 ..\obj\port.o
                0x08004d4c                vPortSetupTimerInterrupt
 .text.vPortEnableVFP
                0x08004d80       0x14 ..\obj\port.o
 .text.vPortValidateInterruptPriority
                0x08004d94       0x78 ..\obj\port.o
                0x08004d94                vPortValidateInterruptPriority
 .text.xQueueGenericReset
                0x08004e0c       0xd0 ..\obj\queue.o
                0x08004e0c                xQueueGenericReset
 .text.xQueueGenericCreate
                0x08004edc      0x128 ..\obj\queue.o
                0x08004edc                xQueueGenericCreate
 .text.xQueueCreateMutex
                0x08005004      0x12c ..\obj\queue.o
                0x08005004                xQueueCreateMutex
 .text.xQueueGenericSend
                0x08005130      0x304 ..\obj\queue.o
                0x08005130                xQueueGenericSend
 .text.xQueueGenericSendFromISR
                0x08005434      0x1b0 ..\obj\queue.o
                0x08005434                xQueueGenericSendFromISR
 .text.xQueueGenericReceive
                0x080055e4      0x38c ..\obj\queue.o
                0x080055e4                xQueueGenericReceive
 .text.uxQueueGetQueueNumber
                0x08005970       0x18 ..\obj\queue.o
                0x08005970                uxQueueGetQueueNumber
 .text.ucQueueGetQueueType
                0x08005988       0x1c ..\obj\queue.o
                0x08005988                ucQueueGetQueueType
 .text.prvCopyDataToQueue
                0x080059a4       0xdc ..\obj\queue.o
 .text.prvCopyDataFromQueue
                0x08005a80       0x4c ..\obj\queue.o
 .text.prvUnlockQueue
                0x08005acc       0x98 ..\obj\queue.o
 .text.prvIsQueueEmpty
                0x08005b64       0x2c ..\obj\queue.o
 .text.prvIsQueueFull
                0x08005b90       0x30 ..\obj\queue.o
 .text.vQueueAddToRegistry
                0x08005bc0       0x70 ..\obj\queue.o
                0x08005bc0                vQueueAddToRegistry
 .text.vQueueWaitForMessageRestricted
                0x08005c30       0x5c ..\obj\queue.o
                0x08005c30                vQueueWaitForMessageRestricted
 .text.prvTraceGetObjectNumber
                0x08005c8c       0x1c ..\obj\trcKernelPort.o
                0x08005c8c                prvTraceGetObjectNumber
 .text.prvTraceGetObjectType
                0x08005ca8       0x18 ..\obj\trcKernelPort.o
                0x08005ca8                prvTraceGetObjectType
 .text.prvTraceGetTaskNumber
                0x08005cc0       0x1c ..\obj\trcKernelPort.o
                0x08005cc0                prvTraceGetTaskNumber
 .text.prvTraceGetCurrentTaskHandle
                0x08005cdc       0x10 ..\obj\trcKernelPort.o
                0x08005cdc                prvTraceGetCurrentTaskHandle
 .text.vTraceInitObjectPropertyTable
                0x08005cec      0x144 ..\obj\trcKernelPort.o
                0x08005cec                vTraceInitObjectPropertyTable
 .text.vTraceInitObjectHandleStack
                0x08005e30       0x9c ..\obj\trcKernelPort.o
                0x08005e30                vTraceInitObjectHandleStack
 .text.pszTraceGetErrorNotEnoughHandles
                0x08005ecc       0x80 ..\obj\trcKernelPort.o
                0x08005ecc                pszTraceGetErrorNotEnoughHandles
 .text.uiTraceIsObjectExcluded
                0x08005f4c      0x170 ..\obj\trcKernelPort.o
                0x08005f4c                uiTraceIsObjectExcluded
 .text.vTaskTapisSortie
                0x080060bc       0xd4 ..\obj\TD_tapisSortie.o
                0x080060bc                vTaskTapisSortie
 .text.DeplacerTapisSortie
                0x08006190       0x4c ..\obj\TD_tapisSortie.o
                0x08006190                DeplacerTapisSortie
 .text.Reset_Handler
                0x080061dc       0x44 ..\obj\startup_stm32f429_439xx.o
                0x080061dc                Reset_Handler
 .text.Default_Handler
                0x08006220        0x2 ..\obj\startup_stm32f429_439xx.o
                0x08006220                RTC_Alarm_IRQHandler
                0x08006220                HASH_RNG_IRQHandler
                0x08006220                EXTI2_IRQHandler
                0x08006220                TIM8_CC_IRQHandler
                0x08006220                DebugMon_Handler
                0x08006220                UART8_IRQHandler
                0x08006220                SPI4_IRQHandler
                0x08006220                TIM1_CC_IRQHandler
                0x08006220                DMA2_Stream5_IRQHandler
                0x08006220                HardFault_Handler
                0x08006220                DMA1_Stream5_IRQHandler
                0x08006220                PVD_IRQHandler
                0x08006220                SDIO_IRQHandler
                0x08006220                TAMP_STAMP_IRQHandler
                0x08006220                NMI_Handler
                0x08006220                CAN2_RX1_IRQHandler
                0x08006220                EXTI3_IRQHandler
                0x08006220                TIM8_TRG_COM_TIM14_IRQHandler
                0x08006220                TIM1_UP_TIM10_IRQHandler
                0x08006220                TIM8_UP_TIM13_IRQHandler
                0x08006220                I2C3_ER_IRQHandler
                0x08006220                EXTI0_IRQHandler
                0x08006220                I2C2_EV_IRQHandler
                0x08006220                DMA1_Stream2_IRQHandler
                0x08006220                CAN1_RX0_IRQHandler
                0x08006220                FPU_IRQHandler
                0x08006220                OTG_HS_WKUP_IRQHandler
                0x08006220                UsageFault_Handler
                0x08006220                LTDC_ER_IRQHandler
                0x08006220                CAN2_SCE_IRQHandler
                0x08006220                DMA2_Stream2_IRQHandler
                0x08006220                SPI1_IRQHandler
                0x08006220                TIM6_DAC_IRQHandler
                0x08006220                TIM1_BRK_TIM9_IRQHandler
                0x08006220                DCMI_IRQHandler
                0x08006220                CAN2_RX0_IRQHandler
                0x08006220                DMA2_Stream3_IRQHandler
                0x08006220                USART6_IRQHandler
                0x08006220                USART3_IRQHandler
                0x08006220                CRYP_IRQHandler
                0x08006220                CAN1_RX1_IRQHandler
                0x08006220                UART5_IRQHandler
                0x08006220                DMA2_Stream0_IRQHandler
                0x08006220                TIM4_IRQHandler
                0x08006220                I2C1_EV_IRQHandler
                0x08006220                DMA1_Stream6_IRQHandler
                0x08006220                DMA1_Stream1_IRQHandler
                0x08006220                UART4_IRQHandler
                0x08006220                TIM3_IRQHandler
                0x08006220                RCC_IRQHandler
                0x08006220                TIM8_BRK_TIM12_IRQHandler
                0x08006220                Default_Handler
                0x08006220                EXTI15_10_IRQHandler
                0x08006220                ADC_IRQHandler
                0x08006220                DMA1_Stream7_IRQHandler
                0x08006220                SPI5_IRQHandler
                0x08006220                TIM7_IRQHandler
                0x08006220                CAN2_TX_IRQHandler
                0x08006220                TIM5_IRQHandler
                0x08006220                DMA2_Stream7_IRQHandler
                0x08006220                I2C3_EV_IRQHandler
                0x08006220                EXTI9_5_IRQHandler
                0x08006220                RTC_WKUP_IRQHandler
                0x08006220                LTDC_IRQHandler
                0x08006220                ETH_WKUP_IRQHandler
                0x08006220                SPI2_IRQHandler
                0x08006220                OTG_HS_EP1_IN_IRQHandler
                0x08006220                MemManage_Handler
                0x08006220                DMA1_Stream0_IRQHandler
                0x08006220                CAN1_TX_IRQHandler
                0x08006220                EXTI4_IRQHandler
                0x08006220                FSMC_IRQHandler
                0x08006220                ETH_IRQHandler
                0x08006220                OTG_HS_EP1_OUT_IRQHandler
                0x08006220                WWDG_IRQHandler
                0x08006220                SPI6_IRQHandler
                0x08006220                TIM2_IRQHandler
                0x08006220                OTG_FS_WKUP_IRQHandler
                0x08006220                TIM1_TRG_COM_TIM11_IRQHandler
                0x08006220                OTG_HS_IRQHandler
                0x08006220                DMA2D_IRQHandler
                0x08006220                EXTI1_IRQHandler
                0x08006220                UART7_IRQHandler
                0x08006220                USART2_IRQHandler
                0x08006220                I2C2_ER_IRQHandler
                0x08006220                DMA2_Stream1_IRQHandler
                0x08006220                CAN1_SCE_IRQHandler
                0x08006220                FLASH_IRQHandler
                0x08006220                DMA2_Stream4_IRQHandler
                0x08006220                BusFault_Handler
                0x08006220                USART1_IRQHandler
                0x08006220                OTG_FS_IRQHandler
                0x08006220                SPI3_IRQHandler
                0x08006220                DMA1_Stream4_IRQHandler
                0x08006220                I2C1_ER_IRQHandler
                0x08006220                DMA2_Stream6_IRQHandler
                0x08006220                SAI1_IRQHandler
                0x08006220                DMA1_Stream3_IRQHandler
 *fill*         0x08006222        0x2 
 .text.I2C_DeInit
                0x08006224       0x74 ..\obj\stm32f4xx_i2c.o
                0x08006224                I2C_DeInit
 .text.I2C_Init
                0x08006298      0x184 ..\obj\stm32f4xx_i2c.o
                0x08006298                I2C_Init
 .text.I2C_Cmd  0x0800641c       0x40 ..\obj\stm32f4xx_i2c.o
                0x0800641c                I2C_Cmd
 .text.I2C_GenerateSTART
                0x0800645c       0x40 ..\obj\stm32f4xx_i2c.o
                0x0800645c                I2C_GenerateSTART
 .text.I2C_GenerateSTOP
                0x0800649c       0x40 ..\obj\stm32f4xx_i2c.o
                0x0800649c                I2C_GenerateSTOP
 .text.I2C_Send7bitAddress
                0x080064dc       0x3c ..\obj\stm32f4xx_i2c.o
                0x080064dc                I2C_Send7bitAddress
 .text.I2C_AcknowledgeConfig
                0x08006518       0x40 ..\obj\stm32f4xx_i2c.o
                0x08006518                I2C_AcknowledgeConfig
 .text.I2C_SoftwareResetCmd
                0x08006558       0x44 ..\obj\stm32f4xx_i2c.o
                0x08006558                I2C_SoftwareResetCmd
 .text.I2C_SendData
                0x0800659c       0x20 ..\obj\stm32f4xx_i2c.o
                0x0800659c                I2C_SendData
 .text.I2C_ReceiveData
                0x080065bc       0x1c ..\obj\stm32f4xx_i2c.o
                0x080065bc                I2C_ReceiveData
 .text.I2C_GetFlagStatus
                0x080065d8       0x68 ..\obj\stm32f4xx_i2c.o
                0x080065d8                I2C_GetFlagStatus
 .text.EXTI_Init
                0x08006640       0xe4 ..\obj\stm32f4xx_exti.o
                0x08006640                EXTI_Init
 .text.prvTraceInitCortexM
                0x08006724       0x7c ..\obj\trcHardwarePort.o
                0x08006724                prvTraceInitCortexM
 .text.vTracePortGetTimeStamp
                0x080067a0       0xc4 ..\obj\trcHardwarePort.o
                0x080067a0                vTracePortGetTimeStamp
 .text.NVIC_Init
                0x08006864       0xc0 ..\obj\misc.o
                0x08006864                NVIC_Init
 .text.pvPortMalloc
                0x08006924       0xa0 ..\obj\heap_1.o
                0x08006924                pvPortMalloc
 .text.vPortFree
                0x080069c4       0x2c ..\obj\heap_1.o
                0x080069c4                vPortFree
 .text.STM_EVAL_LEDInit
                0x080069f0       0x5c ..\obj\stm32f429i_discovery.o
                0x080069f0                STM_EVAL_LEDInit
 .text.STM_EVAL_LEDOn
                0x08006a4c       0x30 ..\obj\stm32f429i_discovery.o
                0x08006a4c                STM_EVAL_LEDOn
 .text.STM_EVAL_LEDOff
                0x08006a7c       0x30 ..\obj\stm32f429i_discovery.o
                0x08006a7c                STM_EVAL_LEDOff
 .text.STM_EVAL_PBInit
                0x08006aac       0x94 ..\obj\stm32f429i_discovery.o
                0x08006aac                STM_EVAL_PBInit
 .text          0x08006b40      0x134 c:/program files (x86)/gnu tools arm embedded/4.9 2015q3/bin/../lib/gcc/arm-none-eabi/4.9.3/../../../../arm-none-eabi/lib/armv7e-m/fpu\libg.a(lib_a-memcpy.o)
                0x08006b40                memcpy
 .text.memset   0x08006c74       0x9c c:/program files (x86)/gnu tools arm embedded/4.9 2015q3/bin/../lib/gcc/arm-none-eabi/4.9.3/../../../../arm-none-eabi/lib/armv7e-m/fpu\libg.a(lib_a-memset.o)
                0x08006c74                memset
 .text.strncmp  0x08006d10       0x98 c:/program files (x86)/gnu tools arm embedded/4.9 2015q3/bin/../lib/gcc/arm-none-eabi/4.9.3/../../../../arm-none-eabi/lib/armv7e-m/fpu\libg.a(lib_a-strncmp.o)
                0x08006d10                strncmp
 .text.strncpy  0x08006da8       0x68 c:/program files (x86)/gnu tools arm embedded/4.9 2015q3/bin/../lib/gcc/arm-none-eabi/4.9.3/../../../../arm-none-eabi/lib/armv7e-m/fpu\libg.a(lib_a-strncpy.o)
                0x08006da8                strncpy
 *(.init)
 *(.fini)
 *crtbegin.o(.ctors)
 *crtbegin?.o(.ctors)
 *(EXCLUDE_FILE(*crtend.o *crtend?.o) .ctors)
 *(SORT(.ctors.*))
 *(.ctors)
 *crtbegin.o(.dtors)
 *crtbegin?.o(.dtors)
 *(EXCLUDE_FILE(*crtend.o *crtend?.o) .dtors)
 *(SORT(.dtors.*))
 *(.dtors)
 *(.rodata*)
 .rodata        0x08006e10      0x7a6 ..\obj\trcKernel.o
 *fill*         0x080075b6        0x2 
 .rodata        0x080075b8       0x64 ..\obj\main.o
 .rodata        0x0800761c      0x617 ..\obj\trcBase.o
 *fill*         0x08007c33        0x1 
 .rodata        0x08007c34        0xd ..\obj\timers.o
 *fill*         0x08007c41        0x3 
 .rodata        0x08007c44        0x5 ..\obj\tasks.o
 *fill*         0x08007c49        0x3 
 .rodata        0x08007c4c      0x3b1 ..\obj\trcUser.o
 *fill*         0x08007ffd        0x3 
 .rodata        0x08008000      0x298 ..\obj\trcKernelPort.o
 .rodata        0x08008298       0x47 ..\obj\trcHardwarePort.o
 *fill*         0x080082df        0x1 
 .rodata        0x080082e0       0x21 ..\obj\stm32f429i_discovery.o
                0x080082e0                GPIO_PIN
                0x080082e4                GPIO_CLK
                0x080082ec                BUTTON_PIN
                0x080082f0                BUTTON_CLK
                0x080082f4                BUTTON_EXTI_LINE
                0x080082f8                BUTTON_PORT_SOURCE
                0x080082fc                BUTTON_PIN_SOURCE
                0x08008300                BUTTON_IRQn
 *(.eh_fram e*)

.glue_7         0x08008304        0x0
 .glue_7        0x00000000        0x0 linker stubs

.glue_7t        0x08008304        0x0
 .glue_7t       0x00000000        0x0 linker stubs

.vfp11_veneer   0x08008304        0x0
 .vfp11_veneer  0x00000000        0x0 linker stubs

.v4_bx          0x08008304        0x0
 .v4_bx         0x00000000        0x0 linker stubs

.iplt           0x08008304        0x0
 .iplt          0x00000000        0x0 ..\obj\stm32f4xx_syscfg.o

.rel.dyn        0x08008304        0x0
 .rel.iplt      0x00000000        0x0 ..\obj\stm32f4xx_syscfg.o

.ARM.extab
 *(.ARM.extab* .gnu.linkonce.armextab.*)
                0x08008304                __exidx_start = .

.ARM.exidx
 *(.ARM.exidx* .gnu.linkonce.armexidx.*)
                0x08008304                __exidx_end = .
                0x08008304                __etext = .
                0x08008301                _sidata = __etext

.data           0x20000000       0x44 load address 0x08008301
                0x20000000                __data_start__ = .
                0x20000000                _sdata = __data_start__
 *(vtable)
 *(.data*)
 .data          0x20000000        0x4 ..\obj\trcKernel.o
 .data          0x20000004        0x4 ..\obj\stm32f429i_discovery_ioe.o
                0x20000004                IOE_TimeOut
 .data          0x20000008       0x10 ..\obj\stm32f4xx_rcc.o
 .data          0x20000018       0x14 ..\obj\system_stm32f4xx.o
                0x20000018                SystemCoreClock
                0x2000001c                AHBPrescTable
 .data          0x2000002c        0x4 ..\obj\port.o
 .data          0x20000030        0x5 ..\obj\trcKernelPort.o
                0x20000030                TraceObjectClassTable
 *fill*         0x20000035        0x3 
 .data          0x20000038        0xc ..\obj\stm32f429i_discovery.o
                0x20000038                GPIO_PORT
                0x20000040                BUTTON_PORT
                0x20000044                . = ALIGN (0x4)
                0x20000044                PROVIDE (__preinit_array_start, .)
 *(.preinit_array)
                0x20000044                PROVIDE (__preinit_array_end, .)
                0x20000044                . = ALIGN (0x4)
                0x20000044                PROVIDE (__init_array_start, .)
 *(SORT(.init_array.*))
 *(.init_array)
                0x20000044                PROVIDE (__init_array_end, .)
                0x20000044                . = ALIGN (0x4)
                0x20000044                PROVIDE (__fini_array_start, .)
 *(SORT(.fini_array.*))
 *(.fini_array)
                0x20000044                PROVIDE (__fini_array_end, .)
 *(.jcr*)
                0x20000044                . = ALIGN (0x4)
                0x20000044                __data_end__ = .
                0x20000044                _edata = __data_end__

.igot.plt       0x20000044        0x0 load address 0x08008348
 .igot.plt      0x00000000        0x0 ..\obj\stm32f4xx_syscfg.o

.bss            0x20000044    0x1757c load address 0x08008348
                0x20000044                . = ALIGN (0x4)
                0x20000044                __bss_start__ = .
                0x20000044                _sbss = __bss_start__
 *(.bss*)
 .bss           0x20000044        0x8 ..\obj\trcKernel.o
                0x20000044                nISRactive
                0x20000045                handle_of_last_logged_task
                0x20000046                inExcludedTask
 .bss           0x2000004c        0x9 ..\obj\main.o
 *fill*         0x20000055        0x3 
 .bss           0x20000058       0xb4 ..\obj\trcBase.o
                0x20000058                excludedObjects
                0x20000060                excludedEventCodes
                0x20000084                objectHandleStacks
                0x200000f4                RecorderDataPtr
                0x200000f8                recorder_busy
                0x200000fc                traceErrorMessage
 .bss           0x2000010c       0x3c ..\obj\timers.o
 .bss           0x20000148      0x100 ..\obj\tasks.o
                0x20000148                pxCurrentTCB
 .bss           0x20000248       0x1c ..\obj\trcUser.o
                0x20000248                vTraceStopHookPtr
                0x2000025c                ptrLastISRExitEvent
                0x20000260                DWTCycleCountAtLastISRExit
 .bss           0x20000264        0x8 ..\obj\port.o
 .bss           0x2000026c       0x18 ..\obj\trcHardwarePort.o
                0x2000026c                trace_disable_timestamp
                0x20000270                last_timestamp
                0x20000274                uiTraceTickCount
                0x20000278                DWT_CYCLES_ADDED
 .bss           0x20000284    0x12c08 ..\obj\heap_1.o
 *(COMMON)
 COMMON         0x20012e8c        0x8 ..\obj\stm32f429i_discovery_ioe.o
                0x20012e8c                TP_State
 COMMON         0x20012e94       0x24 ..\obj\TD_acquisition.o
                0x20012e94                sem_I2C_BUS
                0x20012e98                q_pieceDispo
                0x20012e9c                q_caisseArrivee
                0x20012ea0                q_newSubscriptions
                0x20012ea4                q_actuators
                0x20012ea8                q_sensorsTapisEntree
                0x20012eac                q_sensorsTapisSortie
                0x20012eb0                q_caissePleine
                0x20012eb4                q_piecePrise
 COMMON         0x20012eb8        0x2 ..\obj\main.o
                0x20012eb8                user_event_channel
 *fill*         0x20012eba        0x2 
 COMMON         0x20012ebc     0x46c4 ..\obj\trcBase.o
                0x20012ebc                RecorderData
                0x2001757c                init_hwtc_count
 COMMON         0x20017580       0x40 ..\obj\queue.o
                0x20017580                xQueueRegistry
                0x200175c0                . = ALIGN (0x4)
                0x200175c0                __bss_end__ = .
                0x200175c0                _ebss = __bss_end__

.heap           0x200175c0        0x0
                0x200175c0                __end__ = .
                0x200175c0                _end = __end__
                0x200175c0                end = __end__
 *(.heap*)
                0x200175c0                __HeapLimit = .

.co_stack       0x200175c0        0x0
                0x200175c0                . = ALIGN (0x8)
 *(.co_stack .co_stack.*)
                0x20030000                __StackTop = (ORIGIN (ram) + 0x30000)
                0x20030000                __StackLimit = (__StackTop - SIZEOF (.co_stack))
                0x20030000                PROVIDE (__stack, __StackTop)
                0x00000001                ASSERT ((__StackLimit >= __HeapLimit), region ram  overflowed with stack)
LOAD ..\obj\stm32f4xx_syscfg.o
LOAD ..\obj\trcKernel.o
LOAD ..\obj\stm32f429i_discovery_ioe.o
LOAD ..\obj\stm32f4xx_sdio.o
LOAD ..\obj\stm32f4xx_cryp_aes.o
LOAD ..\obj\stm32f4xx_hash.o
LOAD ..\obj\stm32f4xx_dma2d.o
LOAD ..\obj\TD_acquisition.o
LOAD ..\obj\stm32f4xx_hash_sha1.o
LOAD ..\obj\stm32f4xx_usart.o
LOAD ..\obj\stm32f4xx_pwr.o
LOAD ..\obj\stm32f4xx_can.o
LOAD ..\obj\stm32f4xx_wwdg.o
LOAD ..\obj\stm32f4xx_hash_md5.o
LOAD ..\obj\stm32f4xx_dac.o
LOAD ..\obj\TD_tapisEntree.o
LOAD ..\obj\stm32f4xx_ltdc.o
LOAD ..\obj\stm32f4xx_crc.o
LOAD ..\obj\stm32f4xx_iwdg.o
LOAD ..\obj\main.o
LOAD ..\obj\trcBase.o
LOAD ..\obj\stm32f4xx_rcc.o
LOAD ..\obj\timers.o
LOAD ..\obj\stm32f4xx_adc.o
LOAD ..\obj\printf.o
LOAD ..\obj\stm32f4xx_dcmi.o
LOAD ..\obj\TD_ecriture.o
LOAD ..\obj\tasks.o
LOAD ..\obj\stm32f4xx_cryp_des.o
LOAD ..\obj\stm32f4xx_cryp.o
LOAD ..\obj\stm32f4xx_gpio.o
LOAD ..\obj\stm32f429i_discovery_sdram.o
LOAD ..\obj\stm32f4xx_flash.o
LOAD ..\obj\list.o
LOAD ..\obj\stm32f4xx_sai.o
LOAD ..\obj\system_stm32f4xx.o
LOAD ..\obj\stm32f4xx_dma.o
LOAD ..\obj\trcUser.o
LOAD ..\obj\stm32f4xx_fmc.o
LOAD ..\obj\port.o
LOAD ..\obj\queue.o
LOAD ..\obj\trcKernelPort.o
LOAD ..\obj\TD_tapisSortie.o
LOAD ..\obj\croutine.o
LOAD ..\obj\startup_stm32f429_439xx.o
LOAD ..\obj\stm32f4xx_spi.o
LOAD ..\obj\event_groups.o
LOAD ..\obj\stm32f4xx_i2c.o
LOAD ..\obj\stm32f4xx_rng.o
LOAD ..\obj\stm32f4xx_exti.o
LOAD ..\obj\trcHardwarePort.o
LOAD ..\obj\misc.o
LOAD ..\obj\heap_1.o
LOAD ..\obj\stm32f4xx_rtc.o
LOAD ..\obj\stm32f429i_discovery.o
LOAD ..\obj\stm32f429i_discovery_lcd.o
LOAD ..\obj\stm32f4xx_cryp_tdes.o
LOAD ..\obj\stm32f4xx_tim.o
LOAD ..\obj\stm32f4xx_dbgmcu.o
START GROUP
LOAD c:/program files (x86)/gnu tools arm embedded/4.9 2015q3/bin/../lib/gcc/arm-none-eabi/4.9.3/armv7e-m/fpu\libgcc.a
LOAD c:/program files (x86)/gnu tools arm embedded/4.9 2015q3/bin/../lib/gcc/arm-none-eabi/4.9.3/../../../../arm-none-eabi/lib/armv7e-m/fpu\libg.a
LOAD c:/program files (x86)/gnu tools arm embedded/4.9 2015q3/bin/../lib/gcc/arm-none-eabi/4.9.3/../../../../arm-none-eabi/lib/armv7e-m/fpu\libc.a
END GROUP
OUTPUT(ITSPLC_FreeRTOS.elf elf32-littlearm)

.debug_info     0x00000000     0xd9bb
 .debug_info    0x00000000      0x290 ..\obj\stm32f4xx_syscfg.o
 .debug_info    0x00000290     0x10b8 ..\obj\trcKernel.o
 .debug_info    0x00001348      0xc26 ..\obj\stm32f429i_discovery_ioe.o
 .debug_info    0x00001f6e      0x429 ..\obj\TD_acquisition.o
 .debug_info    0x00002397      0x42e ..\obj\TD_tapisEntree.o
 .debug_info    0x000027c5      0x363 ..\obj\main.o
 .debug_info    0x00002b28      0xb44 ..\obj\trcBase.o
 .debug_info    0x0000366c      0xe11 ..\obj\stm32f4xx_rcc.o
 .debug_info    0x0000447d      0xa3e ..\obj\timers.o
 .debug_info    0x00004ebb      0x372 ..\obj\TD_ecriture.o
 .debug_info    0x0000522d     0x1d84 ..\obj\tasks.o
 .debug_info    0x00006fb1      0x605 ..\obj\stm32f4xx_gpio.o
 .debug_info    0x000075b6      0x2cf ..\obj\list.o
 .debug_info    0x00007885      0x5b9 ..\obj\system_stm32f4xx.o
 .debug_info    0x00007e3e      0xfd9 ..\obj\trcUser.o
 .debug_info    0x00008e17      0x55d ..\obj\port.o
 .debug_info    0x00009374     0x1396 ..\obj\queue.o
 .debug_info    0x0000a70a      0x726 ..\obj\trcKernelPort.o
 .debug_info    0x0000ae30      0x39c ..\obj\TD_tapisSortie.o
 .debug_info    0x0000b1cc       0xb7 ..\obj\startup_stm32f429_439xx.o
 .debug_info    0x0000b283      0xb87 ..\obj\stm32f4xx_i2c.o
 .debug_info    0x0000be0a      0x338 ..\obj\stm32f4xx_exti.o
 .debug_info    0x0000c142      0x5c7 ..\obj\trcHardwarePort.o
 .debug_info    0x0000c709      0x53d ..\obj\misc.o
 .debug_info    0x0000cc46      0x1e6 ..\obj\heap_1.o
 .debug_info    0x0000ce2c      0xb8f ..\obj\stm32f429i_discovery.o

.debug_abbrev   0x00000000     0x2909
 .debug_abbrev  0x00000000      0x131 ..\obj\stm32f4xx_syscfg.o
 .debug_abbrev  0x00000131      0x2bd ..\obj\trcKernel.o
 .debug_abbrev  0x000003ee      0x227 ..\obj\stm32f429i_discovery_ioe.o
 .debug_abbrev  0x00000615       0xfb ..\obj\TD_acquisition.o
 .debug_abbrev  0x00000710       0xf2 ..\obj\TD_tapisEntree.o
 .debug_abbrev  0x00000802       0xad ..\obj\main.o
 .debug_abbrev  0x000008af      0x2a7 ..\obj\trcBase.o
 .debug_abbrev  0x00000b56      0x1ba ..\obj\stm32f4xx_rcc.o
 .debug_abbrev  0x00000d10      0x1f4 ..\obj\timers.o
 .debug_abbrev  0x00000f04       0xd1 ..\obj\TD_ecriture.o
 .debug_abbrev  0x00000fd5      0x2cd ..\obj\tasks.o
 .debug_abbrev  0x000012a2      0x1a3 ..\obj\stm32f4xx_gpio.o
 .debug_abbrev  0x00001445       0xd8 ..\obj\list.o
 .debug_abbrev  0x0000151d      0x136 ..\obj\system_stm32f4xx.o
 .debug_abbrev  0x00001653      0x375 ..\obj\trcUser.o
 .debug_abbrev  0x000019c8      0x1df ..\obj\port.o
 .debug_abbrev  0x00001ba7      0x257 ..\obj\queue.o
 .debug_abbrev  0x00001dfe      0x18c ..\obj\trcKernelPort.o
 .debug_abbrev  0x00001f8a       0xd7 ..\obj\TD_tapisSortie.o
 .debug_abbrev  0x00002061       0x12 ..\obj\startup_stm32f429_439xx.o
 .debug_abbrev  0x00002073      0x164 ..\obj\stm32f4xx_i2c.o
 .debug_abbrev  0x000021d7      0x1a5 ..\obj\stm32f4xx_exti.o
 .debug_abbrev  0x0000237c      0x148 ..\obj\trcHardwarePort.o
 .debug_abbrev  0x000024c4      0x145 ..\obj\misc.o
 .debug_abbrev  0x00002609      0x145 ..\obj\heap_1.o
 .debug_abbrev  0x0000274e      0x1bb ..\obj\stm32f429i_discovery.o

.debug_aranges  0x00000000      0xdc8
 .debug_aranges
                0x00000000       0x50 ..\obj\stm32f4xx_syscfg.o
 .debug_aranges
                0x00000050       0x98 ..\obj\trcKernel.o
 .debug_aranges
                0x000000e8      0x100 ..\obj\stm32f429i_discovery_ioe.o
 .debug_aranges
                0x000001e8       0x28 ..\obj\TD_acquisition.o
 .debug_aranges
                0x00000210       0x28 ..\obj\TD_tapisEntree.o
 .debug_aranges
                0x00000238       0x20 ..\obj\main.o
 .debug_aranges
                0x00000258       0x90 ..\obj\trcBase.o
 .debug_aranges
                0x000002e8      0x1b8 ..\obj\stm32f4xx_rcc.o
 .debug_aranges
                0x000004a0       0xa0 ..\obj\timers.o
 .debug_aranges
                0x00000540       0x28 ..\obj\TD_ecriture.o
 .debug_aranges
                0x00000568      0x1b8 ..\obj\tasks.o
 .debug_aranges
                0x00000720       0x88 ..\obj\stm32f4xx_gpio.o
 .debug_aranges
                0x000007a8       0x40 ..\obj\list.o
 .debug_aranges
                0x000007e8       0x30 ..\obj\system_stm32f4xx.o
 .debug_aranges
                0x00000818       0xe8 ..\obj\trcUser.o
 .debug_aranges
                0x00000900       0x80 ..\obj\port.o
 .debug_aranges
                0x00000980      0x100 ..\obj\queue.o
 .debug_aranges
                0x00000a80       0x70 ..\obj\trcKernelPort.o
 .debug_aranges
                0x00000af0       0x28 ..\obj\TD_tapisSortie.o
 .debug_aranges
                0x00000b18       0x28 ..\obj\startup_stm32f429_439xx.o
 .debug_aranges
                0x00000b40      0x130 ..\obj\stm32f4xx_i2c.o
 .debug_aranges
                0x00000c70       0x58 ..\obj\stm32f4xx_exti.o
 .debug_aranges
                0x00000cc8       0x28 ..\obj\trcHardwarePort.o
 .debug_aranges
                0x00000cf0       0x40 ..\obj\misc.o
 .debug_aranges
                0x00000d30       0x38 ..\obj\heap_1.o
 .debug_aranges
                0x00000d68       0x60 ..\obj\stm32f429i_discovery.o

.debug_ranges   0x00000000      0xc30
 .debug_ranges  0x00000000       0x40 ..\obj\stm32f4xx_syscfg.o
 .debug_ranges  0x00000040       0x88 ..\obj\trcKernel.o
 .debug_ranges  0x000000c8       0xf0 ..\obj\stm32f429i_discovery_ioe.o
 .debug_ranges  0x000001b8       0x18 ..\obj\TD_acquisition.o
 .debug_ranges  0x000001d0       0x18 ..\obj\TD_tapisEntree.o
 .debug_ranges  0x000001e8       0x10 ..\obj\main.o
 .debug_ranges  0x000001f8       0x80 ..\obj\trcBase.o
 .debug_ranges  0x00000278      0x1a8 ..\obj\stm32f4xx_rcc.o
 .debug_ranges  0x00000420       0x90 ..\obj\timers.o
 .debug_ranges  0x000004b0       0x18 ..\obj\TD_ecriture.o
 .debug_ranges  0x000004c8      0x1a8 ..\obj\tasks.o
 .debug_ranges  0x00000670       0x78 ..\obj\stm32f4xx_gpio.o
 .debug_ranges  0x000006e8       0x30 ..\obj\list.o
 .debug_ranges  0x00000718       0x20 ..\obj\system_stm32f4xx.o
 .debug_ranges  0x00000738       0xd8 ..\obj\trcUser.o
 .debug_ranges  0x00000810       0x70 ..\obj\port.o
 .debug_ranges  0x00000880       0xf0 ..\obj\queue.o
 .debug_ranges  0x00000970       0x60 ..\obj\trcKernelPort.o
 .debug_ranges  0x000009d0       0x18 ..\obj\TD_tapisSortie.o
 .debug_ranges  0x000009e8       0x20 ..\obj\startup_stm32f429_439xx.o
 .debug_ranges  0x00000a08      0x120 ..\obj\stm32f4xx_i2c.o
 .debug_ranges  0x00000b28       0x48 ..\obj\stm32f4xx_exti.o
 .debug_ranges  0x00000b70       0x18 ..\obj\trcHardwarePort.o
 .debug_ranges  0x00000b88       0x30 ..\obj\misc.o
 .debug_ranges  0x00000bb8       0x28 ..\obj\heap_1.o
 .debug_ranges  0x00000be0       0x50 ..\obj\stm32f429i_discovery.o

.debug_line     0x00000000     0x7039
 .debug_line    0x00000000      0x238 ..\obj\stm32f4xx_syscfg.o
 .debug_line    0x00000238      0x594 ..\obj\trcKernel.o
 .debug_line    0x000007cc      0x7ae ..\obj\stm32f429i_discovery_ioe.o
 .debug_line    0x00000f7a      0x291 ..\obj\TD_acquisition.o
 .debug_line    0x0000120b      0x297 ..\obj\TD_tapisEntree.o
 .debug_line    0x000014a2      0x2c3 ..\obj\main.o
 .debug_line    0x00001765      0x4f8 ..\obj\trcBase.o
 .debug_line    0x00001c5d      0x655 ..\obj\stm32f4xx_rcc.o
 .debug_line    0x000022b2      0x560 ..\obj\timers.o
 .debug_line    0x00002812      0x26d ..\obj\TD_ecriture.o
 .debug_line    0x00002a7f      0xead ..\obj\tasks.o
 .debug_line    0x0000392c      0x356 ..\obj\stm32f4xx_gpio.o
 .debug_line    0x00003c82      0x276 ..\obj\list.o
 .debug_line    0x00003ef8      0x213 ..\obj\system_stm32f4xx.o
 .debug_line    0x0000410b      0x6e1 ..\obj\trcUser.o
 .debug_line    0x000047ec      0x401 ..\obj\port.o
 .debug_line    0x00004bed      0xb48 ..\obj\queue.o
 .debug_line    0x00005735      0x338 ..\obj\trcKernelPort.o
 .debug_line    0x00005a6d      0x2a8 ..\obj\TD_tapisSortie.o
 .debug_line    0x00005d15       0xae ..\obj\startup_stm32f429_439xx.o
 .debug_line    0x00005dc3      0x512 ..\obj\stm32f4xx_i2c.o
 .debug_line    0x000062d5      0x2a9 ..\obj\stm32f4xx_exti.o
 .debug_line    0x0000657e      0x250 ..\obj\trcHardwarePort.o
 .debug_line    0x000067ce      0x252 ..\obj\misc.o
 .debug_line    0x00006a20      0x2a3 ..\obj\heap_1.o
 .debug_line    0x00006cc3      0x376 ..\obj\stm32f429i_discovery.o

.debug_str      0x00000000     0x523b
 .debug_str     0x00000000      0x2d2 ..\obj\stm32f4xx_syscfg.o
                                0x330 (size before relaxing)
 .debug_str     0x000002d2      0x83c ..\obj\trcKernel.o
                                0xa0e (size before relaxing)
 .debug_str     0x00000b0e      0x6f4 ..\obj\stm32f429i_discovery_ioe.o
                                0x8d5 (size before relaxing)
 .debug_str     0x00001202      0x2fc ..\obj\TD_acquisition.o
                                0x4e5 (size before relaxing)
 .debug_str     0x000014fe       0xdd ..\obj\TD_tapisEntree.o
                                0x4f0 (size before relaxing)
 .debug_str     0x000015db       0xa1 ..\obj\main.o
                                0x47a (size before relaxing)
 .debug_str     0x0000167c      0x313 ..\obj\trcBase.o
                                0x965 (size before relaxing)
 .debug_str     0x0000198f      0x782 ..\obj\stm32f4xx_rcc.o
                                0x9bf (size before relaxing)
 .debug_str     0x00002111      0x4fc ..\obj\timers.o
                                0x76c (size before relaxing)
 .debug_str     0x0000260d       0x98 ..\obj\TD_ecriture.o
                                0x4ae (size before relaxing)
 .debug_str     0x000026a5      0xc15 ..\obj\tasks.o
                                0xf87 (size before relaxing)
 .debug_str     0x000032ba      0x19c ..\obj\stm32f4xx_gpio.o
                                0x4c2 (size before relaxing)
 .debug_str     0x00003456       0xc3 ..\obj\list.o
                                0x31f (size before relaxing)
 .debug_str     0x00003519      0x11d ..\obj\system_stm32f4xx.o
                                0x3e5 (size before relaxing)
 .debug_str     0x00003636      0x364 ..\obj\trcUser.o
                                0xa36 (size before relaxing)
 .debug_str     0x0000399a      0x20c ..\obj\port.o
                                0x492 (size before relaxing)
 .debug_str     0x00003ba6      0x497 ..\obj\queue.o
                                0x8a6 (size before relaxing)
 .debug_str     0x0000403d      0x18d ..\obj\trcKernelPort.o
                                0x80f (size before relaxing)
 .debug_str     0x000041ca       0x80 ..\obj\TD_tapisSortie.o
                                0x4a5 (size before relaxing)
 .debug_str     0x0000424a      0x38a ..\obj\stm32f4xx_i2c.o
                                0x6d4 (size before relaxing)
 .debug_str     0x000045d4      0x1cc ..\obj\stm32f4xx_exti.o
                                0x36e (size before relaxing)
 .debug_str     0x000047a0       0xcd ..\obj\trcHardwarePort.o
                                0x6b0 (size before relaxing)
 .debug_str     0x0000486d      0x1ca ..\obj\misc.o
                                0x3f0 (size before relaxing)
 .debug_str     0x00004a37       0xbb ..\obj\heap_1.o
                                0x2a6 (size before relaxing)
 .debug_str     0x00004af2      0x749 ..\obj\stm32f429i_discovery.o
                                0xdba (size before relaxing)

.comment        0x00000000       0x70
 .comment       0x00000000       0x70 ..\obj\stm32f4xx_syscfg.o
                                 0x71 (size before relaxing)
 .comment       0x00000000       0x71 ..\obj\trcKernel.o
 .comment       0x00000000       0x71 ..\obj\stm32f429i_discovery_ioe.o
 .comment       0x00000000       0x71 ..\obj\TD_acquisition.o
 .comment       0x00000000       0x71 ..\obj\TD_tapisEntree.o
 .comment       0x00000000       0x71 ..\obj\main.o
 .comment       0x00000000       0x71 ..\obj\trcBase.o
 .comment       0x00000000       0x71 ..\obj\stm32f4xx_rcc.o
 .comment       0x00000000       0x71 ..\obj\timers.o
 .comment       0x00000000       0x71 ..\obj\TD_ecriture.o
 .comment       0x00000000       0x71 ..\obj\tasks.o
 .comment       0x00000000       0x71 ..\obj\stm32f4xx_gpio.o
 .comment       0x00000000       0x71 ..\obj\list.o
 .comment       0x00000000       0x71 ..\obj\system_stm32f4xx.o
 .comment       0x00000000       0x71 ..\obj\trcUser.o
 .comment       0x00000000       0x71 ..\obj\port.o
 .comment       0x00000000       0x71 ..\obj\queue.o
 .comment       0x00000000       0x71 ..\obj\trcKernelPort.o
 .comment       0x00000000       0x71 ..\obj\TD_tapisSortie.o
 .comment       0x00000000       0x71 ..\obj\stm32f4xx_i2c.o
 .comment       0x00000000       0x71 ..\obj\stm32f4xx_exti.o
 .comment       0x00000000       0x71 ..\obj\trcHardwarePort.o
 .comment       0x00000000       0x71 ..\obj\misc.o
 .comment       0x00000000       0x71 ..\obj\heap_1.o
 .comment       0x00000000       0x71 ..\obj\stm32f429i_discovery.o

.ARM.attributes
                0x00000000       0x37
 .ARM.attributes
                0x00000000       0x39 ..\obj\stm32f4xx_syscfg.o
 .ARM.attributes
                0x00000039       0x39 ..\obj\trcKernel.o
 .ARM.attributes
                0x00000072       0x39 ..\obj\stm32f429i_discovery_ioe.o
 .ARM.attributes
                0x000000ab       0x39 ..\obj\TD_acquisition.o
 .ARM.attributes
                0x000000e4       0x39 ..\obj\TD_tapisEntree.o
 .ARM.attributes
                0x0000011d       0x39 ..\obj\main.o
 .ARM.attributes
                0x00000156       0x39 ..\obj\trcBase.o
 .ARM.attributes
                0x0000018f       0x39 ..\obj\stm32f4xx_rcc.o
 .ARM.attributes
                0x000001c8       0x39 ..\obj\timers.o
 .ARM.attributes
                0x00000201       0x39 ..\obj\TD_ecriture.o
 .ARM.attributes
                0x0000023a       0x39 ..\obj\tasks.o
 .ARM.attributes
                0x00000273       0x39 ..\obj\stm32f4xx_gpio.o
 .ARM.attributes
                0x000002ac       0x39 ..\obj\list.o
 .ARM.attributes
                0x000002e5       0x39 ..\obj\system_stm32f4xx.o
 .ARM.attributes
                0x0000031e       0x39 ..\obj\trcUser.o
 .ARM.attributes
                0x00000357       0x39 ..\obj\port.o
 .ARM.attributes
                0x00000390       0x39 ..\obj\queue.o
 .ARM.attributes
                0x000003c9       0x39 ..\obj\trcKernelPort.o
 .ARM.attributes
                0x00000402       0x39 ..\obj\TD_tapisSortie.o
 .ARM.attributes
                0x0000043b       0x21 ..\obj\startup_stm32f429_439xx.o
 .ARM.attributes
                0x0000045c       0x39 ..\obj\stm32f4xx_i2c.o
 .ARM.attributes
                0x00000495       0x39 ..\obj\stm32f4xx_exti.o
 .ARM.attributes
                0x000004ce       0x39 ..\obj\trcHardwarePort.o
 .ARM.attributes
                0x00000507       0x39 ..\obj\misc.o
 .ARM.attributes
                0x00000540       0x39 ..\obj\heap_1.o
 .ARM.attributes
                0x00000579       0x39 ..\obj\stm32f429i_discovery.o
 .ARM.attributes
                0x000005b2       0x20 c:/program files (x86)/gnu tools arm embedded/4.9 2015q3/bin/../lib/gcc/arm-none-eabi/4.9.3/../../../../arm-none-eabi/lib/armv7e-m/fpu\libg.a(lib_a-memcpy.o)
 .ARM.attributes
                0x000005d2       0x34 c:/program files (x86)/gnu tools arm embedded/4.9 2015q3/bin/../lib/gcc/arm-none-eabi/4.9.3/../../../../arm-none-eabi/lib/armv7e-m/fpu\libg.a(lib_a-memset.o)
 .ARM.attributes
                0x00000606       0x34 c:/program files (x86)/gnu tools arm embedded/4.9 2015q3/bin/../lib/gcc/arm-none-eabi/4.9.3/../../../../arm-none-eabi/lib/armv7e-m/fpu\libg.a(lib_a-strncmp.o)
 .ARM.attributes
                0x0000063a       0x34 c:/program files (x86)/gnu tools arm embedded/4.9 2015q3/bin/../lib/gcc/arm-none-eabi/4.9.3/../../../../arm-none-eabi/lib/armv7e-m/fpu\libg.a(lib_a-strncpy.o)

.debug_frame    0x00000000     0x36bc
 .debug_frame   0x00000000      0x11c ..\obj\stm32f4xx_syscfg.o
 .debug_frame   0x0000011c      0x270 ..\obj\trcKernel.o
 .debug_frame   0x0000038c      0x400 ..\obj\stm32f429i_discovery_ioe.o
 .debug_frame   0x0000078c       0x5c ..\obj\TD_acquisition.o
 .debug_frame   0x000007e8       0x54 ..\obj\TD_tapisEntree.o
 .debug_frame   0x0000083c       0x34 ..\obj\main.o
 .debug_frame   0x00000870      0x21c ..\obj\trcBase.o
 .debug_frame   0x00000a8c      0x814 ..\obj\stm32f4xx_rcc.o
 .debug_frame   0x000012a0      0x284 ..\obj\timers.o
 .debug_frame   0x00001524       0x54 ..\obj\TD_ecriture.o
 .debug_frame   0x00001578      0x788 ..\obj\tasks.o
 .debug_frame   0x00001d00      0x23c ..\obj\stm32f4xx_gpio.o
 .debug_frame   0x00001f3c       0xd8 ..\obj\list.o
 .debug_frame   0x00002014       0x7c ..\obj\system_stm32f4xx.o
 .debug_frame   0x00002090      0x3a4 ..\obj\trcUser.o
 .debug_frame   0x00002434      0x19c ..\obj\port.o
 .debug_frame   0x000025d0      0x474 ..\obj\queue.o
 .debug_frame   0x00002a44      0x178 ..\obj\trcKernelPort.o
 .debug_frame   0x00002bbc       0x54 ..\obj\TD_tapisSortie.o
 .debug_frame   0x00002c10      0x580 ..\obj\stm32f4xx_i2c.o
 .debug_frame   0x00003190      0x148 ..\obj\stm32f4xx_exti.o
 .debug_frame   0x000032d8       0x54 ..\obj\trcHardwarePort.o
 .debug_frame   0x0000332c       0xd8 ..\obj\misc.o
 .debug_frame   0x00003404       0x9c ..\obj\heap_1.o
 .debug_frame   0x000034a0      0x160 ..\obj\stm32f429i_discovery.o
 .debug_frame   0x00003600       0x34 c:/program files (x86)/gnu tools arm embedded/4.9 2015q3/bin/../lib/gcc/arm-none-eabi/4.9.3/../../../../arm-none-eabi/lib/armv7e-m/fpu\libg.a(lib_a-memset.o)
 .debug_frame   0x00003634       0x54 c:/program files (x86)/gnu tools arm embedded/4.9 2015q3/bin/../lib/gcc/arm-none-eabi/4.9.3/../../../../arm-none-eabi/lib/armv7e-m/fpu\libg.a(lib_a-strncmp.o)
 .debug_frame   0x00003688       0x34 c:/program files (x86)/gnu tools arm embedded/4.9 2015q3/bin/../lib/gcc/arm-none-eabi/4.9.3/../../../../arm-none-eabi/lib/armv7e-m/fpu\libg.a(lib_a-strncpy.o)
